Archive member included because of file (symbol)

c:/siliconlabs/simplicitystudio/v3/developer/toolchains/gnu_arm/4.8_2013q4/bin/../lib/gcc/arm-none-eabi/4.8.3/armv6-m\libgcc.a(_thumb1_case_uqi.o)
                              ./src/graphics.o (__gnu_thumb1_case_uqi)
c:/siliconlabs/simplicitystudio/v3/developer/toolchains/gnu_arm/4.8_2013q4/bin/../lib/gcc/arm-none-eabi/4.8.3/armv6-m\libgcc.a(_udivsi3.o)
                              ./src/graphics.o (__aeabi_uidiv)
c:/siliconlabs/simplicitystudio/v3/developer/toolchains/gnu_arm/4.8_2013q4/bin/../lib/gcc/arm-none-eabi/4.8.3/armv6-m\libgcc.a(_divsi3.o)
                              ./src/graphics.o (__aeabi_idiv)
c:/siliconlabs/simplicitystudio/v3/developer/toolchains/gnu_arm/4.8_2013q4/bin/../lib/gcc/arm-none-eabi/4.8.3/armv6-m\libgcc.a(_dvmd_tls.o)
                              c:/siliconlabs/simplicitystudio/v3/developer/toolchains/gnu_arm/4.8_2013q4/bin/../lib/gcc/arm-none-eabi/4.8.3/armv6-m\libgcc.a(_udivsi3.o) (__aeabi_idiv0)
c:/siliconlabs/simplicitystudio/v3/developer/toolchains/gnu_arm/4.8_2013q4/bin/../lib/gcc/arm-none-eabi/4.8.3/armv6-m\libgcc.a(_aeabi_uldivmod.o)
                              ./Drivers/rtcdriver.o (__aeabi_uldivmod)
c:/siliconlabs/simplicitystudio/v3/developer/toolchains/gnu_arm/4.8_2013q4/bin/../lib/gcc/arm-none-eabi/4.8.3/armv6-m\libgcc.a(_muldi3.o)
                              ./Drivers/rtcdriver.o (__aeabi_lmul)
c:/siliconlabs/simplicitystudio/v3/developer/toolchains/gnu_arm/4.8_2013q4/bin/../lib/gcc/arm-none-eabi/4.8.3/armv6-m\libgcc.a(bpabi.o)
                              c:/siliconlabs/simplicitystudio/v3/developer/toolchains/gnu_arm/4.8_2013q4/bin/../lib/gcc/arm-none-eabi/4.8.3/armv6-m\libgcc.a(_aeabi_uldivmod.o) (__gnu_uldivmod_helper)
c:/siliconlabs/simplicitystudio/v3/developer/toolchains/gnu_arm/4.8_2013q4/bin/../lib/gcc/arm-none-eabi/4.8.3/armv6-m\libgcc.a(_divdi3.o)
                              c:/siliconlabs/simplicitystudio/v3/developer/toolchains/gnu_arm/4.8_2013q4/bin/../lib/gcc/arm-none-eabi/4.8.3/armv6-m\libgcc.a(bpabi.o) (__divdi3)
c:/siliconlabs/simplicitystudio/v3/developer/toolchains/gnu_arm/4.8_2013q4/bin/../lib/gcc/arm-none-eabi/4.8.3/armv6-m\libgcc.a(_udivdi3.o)
                              c:/siliconlabs/simplicitystudio/v3/developer/toolchains/gnu_arm/4.8_2013q4/bin/../lib/gcc/arm-none-eabi/4.8.3/armv6-m\libgcc.a(bpabi.o) (__udivdi3)
c:/siliconlabs/simplicitystudio/v3/developer/toolchains/gnu_arm/4.8_2013q4/bin/../lib/gcc/arm-none-eabi/4.8.3/armv6-m\libgcc.a(_clzsi2.o)
                              c:/siliconlabs/simplicitystudio/v3/developer/toolchains/gnu_arm/4.8_2013q4/bin/../lib/gcc/arm-none-eabi/4.8.3/armv6-m\libgcc.a(_divdi3.o) (__clzsi2)
c:/siliconlabs/simplicitystudio/v3/developer/toolchains/gnu_arm/4.8_2013q4/bin/../lib/gcc/arm-none-eabi/4.8.3/../../../../arm-none-eabi/lib/armv6-m\libc_s.a(lib_a-exit.o)
                              c:/siliconlabs/simplicitystudio/v3/developer/toolchains/gnu_arm/4.8_2013q4/bin/../lib/gcc/arm-none-eabi/4.8.3/../../../../arm-none-eabi/lib/armv6-m/crt0.o (exit)
c:/siliconlabs/simplicitystudio/v3/developer/toolchains/gnu_arm/4.8_2013q4/bin/../lib/gcc/arm-none-eabi/4.8.3/../../../../arm-none-eabi/lib/armv6-m\libc_s.a(lib_a-impure.o)
                              c:/siliconlabs/simplicitystudio/v3/developer/toolchains/gnu_arm/4.8_2013q4/bin/../lib/gcc/arm-none-eabi/4.8.3/../../../../arm-none-eabi/lib/armv6-m\libc_s.a(lib_a-exit.o) (_global_impure_ptr)
c:/siliconlabs/simplicitystudio/v3/developer/toolchains/gnu_arm/4.8_2013q4/bin/../lib/gcc/arm-none-eabi/4.8.3/../../../../arm-none-eabi/lib/armv6-m\libc_s.a(lib_a-init.o)
                              c:/siliconlabs/simplicitystudio/v3/developer/toolchains/gnu_arm/4.8_2013q4/bin/../lib/gcc/arm-none-eabi/4.8.3/../../../../arm-none-eabi/lib/armv6-m/crt0.o (__libc_init_array)
c:/siliconlabs/simplicitystudio/v3/developer/toolchains/gnu_arm/4.8_2013q4/bin/../lib/gcc/arm-none-eabi/4.8.3/../../../../arm-none-eabi/lib/armv6-m\libc_s.a(lib_a-memcpy-stub.o)
                              ./Graphics/dmd_display.o (memcpy)
c:/siliconlabs/simplicitystudio/v3/developer/toolchains/gnu_arm/4.8_2013q4/bin/../lib/gcc/arm-none-eabi/4.8.3/../../../../arm-none-eabi/lib/armv6-m\libc_s.a(lib_a-memset.o)
                              c:/siliconlabs/simplicitystudio/v3/developer/toolchains/gnu_arm/4.8_2013q4/bin/../lib/gcc/arm-none-eabi/4.8.3/../../../../arm-none-eabi/lib/armv6-m/crt0.o (memset)
c:/siliconlabs/simplicitystudio/v3/developer/toolchains/gnu_arm/4.8_2013q4/bin/../lib/gcc/arm-none-eabi/4.8.3/../../../../arm-none-eabi/lib/armv6-m\libc_s.a(lib_a-strlen.o)
                              ./src/graphics.o (strlen)
c:/siliconlabs/simplicitystudio/v3/developer/toolchains/gnu_arm/4.8_2013q4/bin/../lib/gcc/arm-none-eabi/4.8.3/../../../../arm-none-eabi/lib/armv6-m\libnosys.a(_exit.o)
[...]
Memory Configuration

Name             Origin             Length             Attributes
FLASH            0x00000000         0x00008000         xr
RAM              0x20000000         0x00001000         xrw
*default*        0x00000000         0xffffffff

Linker script and memory map

LOAD c:/siliconlabs/simplicitystudio/v3/developer/toolchains/gnu_arm/4.8_2013q4/bin/../lib/gcc/arm-none-eabi/4.8.3/armv6-m/crti.o
LOAD c:/siliconlabs/simplicitystudio/v3/developer/toolchains/gnu_arm/4.8_2013q4/bin/../lib/gcc/arm-none-eabi/4.8.3/armv6-m/crtbegin.o
LOAD c:/siliconlabs/simplicitystudio/v3/developer/toolchains/gnu_arm/4.8_2013q4/bin/../lib/gcc/arm-none-eabi/4.8.3/../../../../arm-none-eabi/lib/armv6-m/crt0.o
LOAD ./src/background.o
LOAD ./src/graphics.o
LOAD ./src/weatherstation.o
LOAD ./emlib/em_adc.o
LOAD ./emlib/em_assert.o
LOAD ./emlib/em_cmu.o
LOAD ./emlib/em_emu.o
LOAD ./emlib/em_gpio.o
LOAD ./emlib/em_i2c.o
LOAD ./emlib/em_int.o
LOAD ./emlib/em_leuart.o
LOAD ./emlib/em_rtc.o
LOAD ./emlib/em_usart.o
LOAD ./Graphics/dmd_display.o
LOAD ./Graphics/glib.o
LOAD ./Graphics/glib_bitmap.o
LOAD ./Graphics/glib_circle.o
LOAD ./Graphics/glib_font_normal_8x8.o
LOAD ./Graphics/glib_line.o
LOAD ./Graphics/glib_rectangle.o
LOAD ./Graphics/glib_string.o
LOAD ./Drivers/display.o
LOAD ./Drivers/displayls013b7dh03.o
LOAD ./Drivers/displaypalemlib.o
LOAD ./Drivers/i2cspm.o
LOAD ./Drivers/rtcdriver.o
LOAD ./Drivers/si1147_i2c.o
LOAD ./Drivers/si114x_algorithm.o
LOAD ./Drivers/si114x_functions.o
LOAD ./Drivers/si7013.o
LOAD ./Drivers/udelay.o
LOAD ./CMSIS/efm32zg/startup_efm32zg.o
LOAD ./CMSIS/efm32zg/system_efm32zg.o
LOAD ./BSP/bsp_bcc.o
LOAD ./BSP/bsp_stk.o
START GROUP
LOAD c:/siliconlabs/simplicitystudio/v3/developer/toolchains/gnu_arm/4.8_2013q4/bin/../lib/gcc/arm-none-eabi/4.8.3/armv6-m\libgcc.a
LOAD c:/siliconlabs/simplicitystudio/v3/developer/toolchains/gnu_arm/4.8_2013q4/bin/../lib/gcc/arm-none-eabi/4.8.3/../../../../arm-none-eabi/lib/armv6-m\libc_s.a
LOAD c:/siliconlabs/simplicitystudio/v3/developer/toolchains/gnu_arm/4.8_2013q4/bin/../lib/gcc/arm-none-eabi/4.8.3/../../../../arm-none-eabi/lib/armv6-m\libnosys.a
END GROUP
START GROUP
LOAD c:/siliconlabs/simplicitystudio/v3/developer/toolchains/gnu_arm/4.8_2013q4/bin/../lib/gcc/arm-none-eabi/4.8.3/armv6-m\libgcc.a
LOAD c:/siliconlabs/simplicitystudio/v3/developer/toolchains/gnu_arm/4.8_2013q4/bin/../lib/gcc/arm-none-eabi/4.8.3/../../../../arm-none-eabi/lib/armv6-m\libg_s.a
LOAD c:/siliconlabs/simplicitystudio/v3/developer/toolchains/gnu_arm/4.8_2013q4/bin/../lib/gcc/arm-none-eabi/4.8.3/../../../../arm-none-eabi/lib/armv6-m\libc_s.a
END GROUP
START GROUP
LOAD c:/siliconlabs/simplicitystudio/v3/developer/toolchains/gnu_arm/4.8_2013q4/bin/../lib/gcc/arm-none-eabi/4.8.3/armv6-m\libgcc.a
LOAD c:/siliconlabs/simplicitystudio/v3/developer/toolchains/gnu_arm/4.8_2013q4/bin/../lib/gcc/arm-none-eabi/4.8.3/../../../../arm-none-eabi/lib/armv6-m\libc_s.a
END GROUP
LOAD c:/siliconlabs/simplicitystudio/v3/developer/toolchains/gnu_arm/4.8_2013q4/bin/../lib/gcc/arm-none-eabi/4.8.3/armv6-m/crtend.o
LOAD c:/siliconlabs/simplicitystudio/v3/developer/toolchains/gnu_arm/4.8_2013q4/bin/../lib/gcc/arm-none-eabi/4.8.3/armv6-m/crtn.o

.text           0x00000000     0x6524
 *(.isr_vector)
 .isr_vector    0x00000000      0x100 ./CMSIS/efm32zg/startup_efm32zg.o
                0x00000000                __isr_vector
 *(.text*)
 .text          0x00000100       0x60 c:/siliconlabs/simplicitystudio/v3/developer/toolchains/gnu_arm/4.8_2013q4/bin/../lib/gcc/arm-none-eabi/4.8.3/armv6-m/crtbegin.o
 .text          0x00000160       0x78 c:/siliconlabs/simplicitystudio/v3/developer/toolchains/gnu_arm/4.8_2013q4/bin/../lib/gcc/arm-none-eabi/4.8.3/../../../../arm-none-eabi/lib/armv6-m/crt0.o
                0x00000160                _start
                0x00000160                _mainCRTStartup
 .text.GRAPHICS_CreateString
                0x000001d8       0x6c ./src/graphics.o
 .text.GRAPHICS_Init
                0x00000244       0x34 ./src/graphics.o
                0x00000244                GRAPHICS_Init
 .text.GRAPHICS_ShowStatus
                0x00000278       0xfc ./src/graphics.o
                0x00000278                GRAPHICS_ShowStatus
 .text.GRAPHICS_Draw
                0x00000374      0x394 ./src/graphics.o
                0x00000374                GRAPHICS_Draw
 .text.memLcdCallback
                0x00000708       0x18 ./src/weatherstation.o
 .text.periodicUpdateCallback
                0x00000720       0x14 ./src/weatherstation.o
 .text.msTicksCallback
                0x00000734       0x10 ./src/weatherstation.o
 .text.disableGestureMode
                0x00000744       0x44 ./src/weatherstation.o
 .text.handleGestures
                0x00000788       0x9c ./src/weatherstation.o
 .text.animationUpdateCallback
                0x00000824       0xb4 ./src/weatherstation.o
 .text.startup.main
                0x000008d8      0x32c ./src/weatherstation.o
                0x000008d8                main
 .text.ADC0_IRQHandler
                0x00000c04       0x18 ./src/weatherstation.o
                0x00000c04                ADC0_IRQHandler
 .text.PB0_handler
                0x00000c1c       0x5c ./src/weatherstation.o
                0x00000c1c                PB0_handler
 .text.GPIO_Unified_IRQ
                0x00000c78       0x34 ./src/weatherstation.o
                0x00000c78                GPIO_Unified_IRQ
 .text.GPIO_EVEN_IRQHandler
                0x00000cac        0x8 ./src/weatherstation.o
                0x00000cac                GPIO_EVEN_IRQHandler
 .text.GPIO_ODD_IRQHandler
                0x00000cb4        0x8 ./src/weatherstation.o
                0x00000cb4                GPIO_ODD_IRQHandler
 .text.RtcIntCallbackRegister
                0x00000cbc       0x44 ./src/weatherstation.o
                0x00000cbc                RtcIntCallbackRegister
 .text.ADC_Init
                0x00000d00       0x3a ./emlib/em_adc.o
                0x00000d00                ADC_Init
 *fill*         0x00000d3a        0x2 
 .text.ADC_InitSingle
                0x00000d3c       0xd8 ./emlib/em_adc.o
                0x00000d3c                ADC_InitSingle
 .text.CMU_FlashWaitStateControl
                0x00000e14       0x40 ./emlib/em_cmu.o
 .text.CMU_AUXClkGet
                0x00000e54       0x5c ./emlib/em_cmu.o
 .text.CMU_Sync
                0x00000eb0       0x14 ./emlib/em_cmu.o
 .text.CMU_LFClkGet
                0x00000ec4       0x48 ./emlib/em_cmu.o
 .text.CMU_ClockDivGet
                0x00000f0c       0x5c ./emlib/em_cmu.o
                0x00000f0c                CMU_ClockDivGet
 .text.CMU_ClockDivSet
                0x00000f68       0xd8 ./emlib/em_cmu.o
                0x00000f68                CMU_ClockDivSet
 .text.CMU_ClockEnable
                0x00001040       0x74 ./emlib/em_cmu.o
                0x00001040                CMU_ClockEnable
 .text.CMU_ClockSelectGet
                0x000010b4       0x9c ./emlib/em_cmu.o
                0x000010b4                CMU_ClockSelectGet
 .text.CMU_ClockFreqGet
                0x00001150       0xbc ./emlib/em_cmu.o
                0x00001150                CMU_ClockFreqGet
 .text.CMU_OscillatorEnable
                0x0000120c       0x50 ./emlib/em_cmu.o
                0x0000120c                CMU_OscillatorEnable
 .text.CMU_ClockSelectSet
                0x0000125c       0xe4 ./emlib/em_cmu.o
                0x0000125c                CMU_ClockSelectSet
 .text.EMU_Restore
                0x00001340       0x94 ./emlib/em_emu.o
 .text.EMU_EnterEM2
                0x000013d4       0x3c ./emlib/em_emu.o
                0x000013d4                EMU_EnterEM2
 .text.EMU_UpdateOscConfig
                0x00001410       0x14 ./emlib/em_emu.o
                0x00001410                EMU_UpdateOscConfig
 .text.GPIO_IntConfig
                0x00001424       0x88 ./emlib/em_gpio.o
                0x00001424                GPIO_IntConfig
 .text.GPIO_PinModeSet
                0x000014ac       0x8c ./emlib/em_gpio.o
                0x000014ac                GPIO_PinModeSet
 .text.I2C_BusFreqSet
                0x00001538       0x54 ./emlib/em_i2c.o
                0x00001538                I2C_BusFreqSet
 .text.I2C_Init
                0x0000158c       0x3c ./emlib/em_i2c.o
                0x0000158c                I2C_Init
 .text.I2C_Transfer
                0x000015c8      0x230 ./emlib/em_i2c.o
                0x000015c8                I2C_Transfer
 .text.I2C_TransferInit
                0x000017f8       0x6c ./emlib/em_i2c.o
                0x000017f8                I2C_TransferInit
 .text.RTC_CompareGet
                0x00001864       0x1c ./emlib/em_rtc.o
                0x00001864                RTC_CompareGet
 .text.RTC_CompareSet
                0x00001880       0x1c ./emlib/em_rtc.o
                0x00001880                RTC_CompareSet
 .text.RTC_Enable
                0x0000189c       0x14 ./emlib/em_rtc.o
                0x0000189c                RTC_Enable
 .text.RTC_FreezeEnable
                0x000018b0       0x14 ./emlib/em_rtc.o
                0x000018b0                RTC_FreezeEnable
 .text.RTC_Init
                0x000018c4       0x20 ./emlib/em_rtc.o
                0x000018c4                RTC_Init
 .text.RTC_CounterReset
                0x000018e4       0x10 ./emlib/em_rtc.o
                0x000018e4                RTC_CounterReset
 .text.USART_BaudrateSyncSet
                0x000018f4       0x30 ./emlib/em_usart.o
                0x000018f4                USART_BaudrateSyncSet
 .text.USART_Reset
                0x00001924       0x3c ./emlib/em_usart.o
                0x00001924                USART_Reset
 .text.USART_InitSync
                0x00001960       0x5c ./emlib/em_usart.o
                0x00001960                USART_InitSync
 .text.USART_Tx
                0x000019bc        0xa ./emlib/em_usart.o
                0x000019bc                USART_Tx
 .text.USART_TxDouble
                0x000019c6        0xa ./emlib/em_usart.o
                0x000019c6                USART_TxDouble
 .text.DMD_getDisplayGeometry
                0x000019d0       0x1c ./Graphics/dmd_display.o
                0x000019d0                DMD_getDisplayGeometry
 .text.DMD_setClippingArea
                0x000019ec       0x40 ./Graphics/dmd_display.o
                0x000019ec                DMD_setClippingArea
 .text.DMD_writeData
                0x00001a2c      0x170 ./Graphics/dmd_display.o
                0x00001a2c                DMD_writeData
 .text.DMD_writeColor
                0x00001b9c      0x15c ./Graphics/dmd_display.o
                0x00001b9c                DMD_writeColor
 .text.DMD_allocateFramebuffer
                0x00001cf8       0x38 ./Graphics/dmd_display.o
                0x00001cf8                DMD_allocateFramebuffer
 .text.DMD_init
                0x00001d30       0x78 ./Graphics/dmd_display.o
                0x00001d30                DMD_init
 .text.DMD_updateDisplay
                0x00001da8       0xa0 ./Graphics/dmd_display.o
                0x00001da8                DMD_updateDisplay
 .text.GLIB_setClippingRegion
                0x00001e48       0x6c ./Graphics/glib.o
                0x00001e48                GLIB_setClippingRegion
 .text.GLIB_contextInit
                0x00001eb4       0x54 ./Graphics/glib.o
                0x00001eb4                GLIB_contextInit
 .text.GLIB_resetDisplayClippingArea
                0x00001f08       0x1a ./Graphics/glib.o
                0x00001f08                GLIB_resetDisplayClippingArea
 .text.GLIB_clear
                0x00001f22       0x34 ./Graphics/glib.o
                0x00001f22                GLIB_clear
 .text.GLIB_colorTranslate24bpp
                0x00001f56        0xe ./Graphics/glib.o
                0x00001f56                GLIB_colorTranslate24bpp
 .text.GLIB_drawPixel
                0x00001f64       0x38 ./Graphics/glib.o
                0x00001f64                GLIB_drawPixel
 .text.GLIB_drawPixelColor
                0x00001f9c       0x36 ./Graphics/glib.o
                0x00001f9c                GLIB_drawPixelColor
 .text.GLIB_getClipCode
                0x00001fd2       0x30 ./Graphics/glib_line.o
 .text.GLIB_drawLineH
                0x00002002       0x78 ./Graphics/glib_line.o
                0x00002002                GLIB_drawLineH
 .text.GLIB_drawLineV
                0x0000207a       0xa4 ./Graphics/glib_line.o
                0x0000207a                GLIB_drawLineV
 .text.GLIB_drawLine
                0x0000211e      0x18a ./Graphics/glib_line.o
                0x0000211e                GLIB_drawLine
 .text.GLIB_rectContainsPoint
                0x000022a8       0x2a ./Graphics/glib_rectangle.o
                0x000022a8                GLIB_rectContainsPoint
 .text.GLIB_drawChar
                0x000022d2      0x128 ./Graphics/glib_string.o
                0x000022d2                GLIB_drawChar
 .text.GLIB_drawString
                0x000023fa       0x82 ./Graphics/glib_string.o
                0x000023fa                GLIB_drawString
 .text.GLIB_setFont
                0x0000247c       0x20 ./Graphics/glib_string.o
                0x0000247c                GLIB_setFont
 .text.DISPLAY_Init
                0x0000249c       0x2c ./Drivers/display.o
                0x0000249c                DISPLAY_Init
 .text.DISPLAY_DeviceGet
                0x000024c8       0x3c ./Drivers/display.o
                0x000024c8                DISPLAY_DeviceGet
 .text.DISPLAY_DeviceRegister
                0x00002504       0x44 ./Drivers/display.o
                0x00002504                DISPLAY_DeviceRegister
 .text.PixelMatrixAllocate
                0x00002548       0x3c ./Drivers/displayls013b7dh03.o
 .text.PixelMatrixFree
                0x00002584        0x8 ./Drivers/displayls013b7dh03.o
 .text.DriverRefresh
                0x0000258c        0xe ./Drivers/displayls013b7dh03.o
 .text.PixelMatrixClear
                0x0000259a       0x20 ./Drivers/displayls013b7dh03.o
 .text.PixelMatrixDraw
                0x000025ba       0x76 ./Drivers/displayls013b7dh03.o
 .text.DisplayPolarityInverse
                0x00002630        0xe ./Drivers/displayls013b7dh03.o
 .text.DisplayEnable.part.0
                0x0000263e       0x14 ./Drivers/displayls013b7dh03.o
 .text.DisplayEnable
                0x00002652       0x20 ./Drivers/displayls013b7dh03.o
 *fill*         0x00002672        0x2 
 .text.DISPLAY_Ls013b7dh03Init
                0x00002674       0xfc ./Drivers/displayls013b7dh03.o
                0x00002674                DISPLAY_Ls013b7dh03Init
 .text.PAL_SpiInit
                0x00002770       0x44 ./Drivers/displaypalemlib.o
                0x00002770                PAL_SpiInit
 .text.PAL_SpiTransmit
                0x000027b4       0x40 ./Drivers/displaypalemlib.o
                0x000027b4                PAL_SpiTransmit
 .text.PAL_TimerInit
                0x000027f4        0xa ./Drivers/displaypalemlib.o
                0x000027f4                PAL_TimerInit
 .text.PAL_TimerMicroSecondsDelay
                0x000027fe        0xa ./Drivers/displaypalemlib.o
                0x000027fe                PAL_TimerMicroSecondsDelay
 .text.PAL_TimerRepeat
                0x00002808       0x14 ./Drivers/displaypalemlib.o
                0x00002808                PAL_TimerRepeat
 .text.PAL_GpioInit
                0x0000281c       0x14 ./Drivers/displaypalemlib.o
                0x0000281c                PAL_GpioInit
 .text.PAL_GpioPinModeSet
                0x00002830       0x1c ./Drivers/displaypalemlib.o
                0x00002830                PAL_GpioPinModeSet
 .text.PAL_GpioPinOutSet
                0x0000284c       0x1c ./Drivers/displaypalemlib.o
                0x0000284c                PAL_GpioPinOutSet
 .text.PAL_GpioPinOutClear
                0x00002868       0x1c ./Drivers/displaypalemlib.o
                0x00002868                PAL_GpioPinOutClear
 .text.PAL_GpioPinOutToggle
                0x00002884       0x1c ./Drivers/displaypalemlib.o
                0x00002884                PAL_GpioPinOutToggle
 .text.I2CSPM_Init
                0x000028a0       0x90 ./Drivers/i2cspm.o
                0x000028a0                I2CSPM_Init
 .text.I2CSPM_Transfer
                0x00002930       0x24 ./Drivers/i2cspm.o
                0x00002930                I2CSPM_Transfer
 .text.INT_Disable
                0x00002954       0x18 ./Drivers/rtcdriver.o
 .text.INT_Enable
                0x0000296c       0x1c ./Drivers/rtcdriver.o
 .text.checkAllTimers
                0x00002988       0xa0 ./Drivers/rtcdriver.o
 .text.executeTimerCallbacks
                0x00002a28       0x28 ./Drivers/rtcdriver.o
 .text.delayTicks.part.0
                0x00002a50       0x20 ./Drivers/rtcdriver.o
 .text.rescheduleRtc
                0x00002a70       0x90 ./Drivers/rtcdriver.o
 .text.RTCDRV_AllocateTimer
                0x00002b00       0x3c ./Drivers/rtcdriver.o
                0x00002b00                RTCDRV_AllocateTimer
 *fill*         0x00002b3c        0x4 
 .text.RTCDRV_Delay
                0x00002b40       0x68 ./Drivers/rtcdriver.o
                0x00002b40                RTCDRV_Delay
 .text.RTCDRV_Init
                0x00002ba8       0x98 ./Drivers/rtcdriver.o
                0x00002ba8                RTCDRV_Init
 .text.RTCDRV_StartTimer
                0x00002c40      0x1d8 ./Drivers/rtcdriver.o
                0x00002c40                RTCDRV_StartTimer
 .text.RTCDRV_StopTimer
                0x00002e18       0x40 ./Drivers/rtcdriver.o
                0x00002e18                RTCDRV_StopTimer
 .text.RTC_IRQHandler
                0x00002e58       0x78 ./Drivers/rtcdriver.o
                0x00002e58                RTC_IRQHandler
 .text.Si1147_Read_Register
                0x00002ed0       0x30 ./Drivers/si1147_i2c.o
                0x00002ed0                Si1147_Read_Register
 .text.Si1147_Write_Register
                0x00002f00       0x2a ./Drivers/si1147_i2c.o
                0x00002f00                Si1147_Write_Register
 .text.Si1147_Write_Block_Register
                0x00002f2a       0x3c ./Drivers/si1147_i2c.o
                0x00002f2a                Si1147_Write_Block_Register
 .text.Si1147_Read_Block_Register
                0x00002f66       0x28 ./Drivers/si1147_i2c.o
                0x00002f66                Si1147_Read_Block_Register
 .text.Si114xWriteToRegister
                0x00002f8e       0x16 ./Drivers/si1147_i2c.o
                0x00002f8e                Si114xWriteToRegister
 .text.Si114xReadFromRegister
                0x00002fa4       0x18 ./Drivers/si1147_i2c.o
                0x00002fa4                Si114xReadFromRegister
 .text.Si114xBlockWrite
                0x00002fbc       0x1a ./Drivers/si1147_i2c.o
                0x00002fbc                Si114xBlockWrite
 .text.Si114xBlockRead
                0x00002fd6       0x1a ./Drivers/si1147_i2c.o
                0x00002fd6                Si114xBlockRead
 .text.delay_10ms
                0x00002ff0        0xa ./Drivers/si1147_i2c.o
                0x00002ff0                delay_10ms
 *fill*         0x00002ffa        0x2 
 .text.Si1147_Detect_Device
                0x00002ffc       0x20 ./Drivers/si114x_algorithm.o
                0x00002ffc                Si1147_Detect_Device
 .text.Si1147_SetInterruptOutputEnable
                0x0000301c       0x1c ./Drivers/si114x_algorithm.o
                0x0000301c                Si1147_SetInterruptOutputEnable
 .text.Si1147_GetInterruptOutputEnable
                0x00003038       0x1c ./Drivers/si114x_algorithm.o
                0x00003038                Si1147_GetInterruptOutputEnable
 .text.Si1147_MeasureUVAndObjectPresent
                0x00003054       0x94 ./Drivers/si114x_algorithm.o
                0x00003054                Si1147_MeasureUVAndObjectPresent
 .text.Si1147_NewSample
                0x000030e8      0x200 ./Drivers/si114x_algorithm.o
                0x000030e8                Si1147_NewSample
 .text.Si1147_ConfigureDetection
                0x000032e8       0xe8 ./Drivers/si114x_algorithm.o
                0x000032e8                Si1147_ConfigureDetection
 .text.collect  0x000033d0       0x4c ./Drivers/si114x_functions.o
 .text.shift_left
                0x0000341c       0x14 ./Drivers/si114x_functions.o
 .text.find_cal_index
                0x00003430       0x38 ./Drivers/si114x_functions.o
 .text._waitUntilSleep
                0x00003468       0x20 ./Drivers/si114x_functions.o
 .text._sendCmd
                0x00003488       0x72 ./Drivers/si114x_functions.o
 .text.align    0x000034fa       0x3e ./Drivers/si114x_functions.o
 .text.fx20_round
                0x00003538       0x40 ./Drivers/si114x_functions.o
 .text.fx20_divide
                0x00003578       0x5a ./Drivers/si114x_functions.o
 .text.fx20_multiply.part.1
                0x000035d2       0x3c ./Drivers/si114x_functions.o
 .text.Si114xNop
                0x0000360e        0xa ./Drivers/si114x_functions.o
                0x0000360e                Si114xNop
 .text.Si114xPsAlsForce
                0x00003618        0xa ./Drivers/si114x_functions.o
                0x00003618                Si114xPsAlsForce
 .text.Si114xPsAlsAuto
                0x00003622        0xa ./Drivers/si114x_functions.o
                0x00003622                Si114xPsAlsAuto
 .text.Si114xParamSet
                0x0000362c       0x48 ./Drivers/si114x_functions.o
                0x0000362c                Si114xParamSet
 .text.Si114xPauseAll
                0x00003674       0x54 ./Drivers/si114x_functions.o
                0x00003674                Si114xPauseAll
 .text.Si114xReset
                0x000036c8       0x98 ./Drivers/si114x_functions.o
                0x000036c8                Si114xReset
 .text.si114x_get_calibration
                0x00003760      0x204 ./Drivers/si114x_functions.o
                0x00003760                si114x_get_calibration
 .text.si114x_set_ucoef
                0x00003964       0xa4 ./Drivers/si114x_functions.o
                0x00003964                si114x_set_ucoef
 .text.Si7013_Measure
                0x00003a08       0x44 ./Drivers/si7013.o
 .text.Si7013_MeasureRHAndTemp
                0x00003a4c       0x5c ./Drivers/si7013.o
                0x00003a4c                Si7013_MeasureRHAndTemp
 .text.Si7013_Detect
                0x00003aa8       0x44 ./Drivers/si7013.o
                0x00003aa8                Si7013_Detect
 .text.UDELAY_Calibrate
                0x00003aec      0x1c0 ./Drivers/udelay.o
                0x00003aec                UDELAY_Calibrate
 .text.UDELAY_Delay
                0x00003cac       0x28 ./Drivers/udelay.o
                0x00003cac                UDELAY_Delay
 .text          0x00003cd4       0x60 ./CMSIS/efm32zg/startup_efm32zg.o
                0x00003cd4                Reset_Handler
                0x00003d04                Default_Handler
                0x00003d06                NMI_Handler
                0x00003d08                HardFault_Handler
                0x00003d0a                SVC_Handler
                0x00003d0c                PendSV_Handler
                0x00003d0e                SysTick_Handler
                0x00003d10                DMA_IRQHandler
                0x00003d14                TIMER0_IRQHandler
                0x00003d16                ACMP0_IRQHandler
                0x00003d1a                I2C0_IRQHandler
                0x00003d1e                TIMER1_IRQHandler
                0x00003d20                USART1_RX_IRQHandler
                0x00003d22                USART1_TX_IRQHandler
                0x00003d24                LEUART0_IRQHandler
                0x00003d26                PCNT0_IRQHandler
                0x00003d2a                CMU_IRQHandler
                0x00003d2c                VCMP_IRQHandler
                0x00003d2e                MSC_IRQHandler
                0x00003d30                AES_IRQHandler
 .text.SystemHFClockGet
                0x00003d34       0x98 ./CMSIS/efm32zg/system_efm32zg.o
                0x00003d34                SystemHFClockGet
 .text.SystemCoreClockGet
                0x00003dcc       0x20 ./CMSIS/efm32zg/system_efm32zg.o
                0x00003dcc                SystemCoreClockGet
 .text.SystemInit
                0x00003dec        0x2 ./CMSIS/efm32zg/system_efm32zg.o
                0x00003dec                SystemInit
 .text.SystemLFRCOClockGet
                0x00003dee        0x6 ./CMSIS/efm32zg/system_efm32zg.o
                0x00003dee                SystemLFRCOClockGet
 .text.SystemULFRCOClockGet
                0x00003df4        0x6 ./CMSIS/efm32zg/system_efm32zg.o
                0x00003df4                SystemULFRCOClockGet
 *fill*         0x00003dfa        0x2 
 .text.SystemLFXOClockGet
                0x00003dfc        0xc ./CMSIS/efm32zg/system_efm32zg.o
                0x00003dfc                SystemLFXOClockGet
 .text          0x00003e08       0x14 c:/siliconlabs/simplicitystudio/v3/developer/toolchains/gnu_arm/4.8_2013q4/bin/../lib/gcc/arm-none-eabi/4.8.3/armv6-m\libgcc.a(_thumb1_case_uqi.o)
                0x00003e08                __gnu_thumb1_case_uqi
 .text          0x00003e1c       0x9c c:/siliconlabs/simplicitystudio/v3/developer/toolchains/gnu_arm/4.8_2013q4/bin/../lib/gcc/arm-none-eabi/4.8.3/armv6-m\libgcc.a(_udivsi3.o)
                0x00003e1c                __aeabi_uidiv
                0x00003e1c                __udivsi3
                0x00003ea4                __aeabi_uidivmod
 .text          0x00003eb8       0xc0 c:/siliconlabs/simplicitystudio/v3/developer/toolchains/gnu_arm/4.8_2013q4/bin/../lib/gcc/arm-none-eabi/4.8.3/armv6-m\libgcc.a(_divsi3.o)
                0x00003eb8                __divsi3
                0x00003eb8                __aeabi_idiv
                0x00003f64                __aeabi_idivmod
 .text          0x00003f78        0x4 c:/siliconlabs/simplicitystudio/v3/developer/toolchains/gnu_arm/4.8_2013q4/bin/../lib/gcc/arm-none-eabi/4.8.3/armv6-m\libgcc.a(_dvmd_tls.o)
                0x00003f78                __aeabi_idiv0
                0x00003f78                __aeabi_ldiv0
 .text          0x00003f7c       0x40 c:/siliconlabs/simplicitystudio/v3/developer/toolchains/gnu_arm/4.8_2013q4/bin/../lib/gcc/arm-none-eabi/4.8.3/armv6-m\libgcc.a(_aeabi_uldivmod.o)
                0x00003f7c                __aeabi_uldivmod
 .text          0x00003fbc       0x44 c:/siliconlabs/simplicitystudio/v3/developer/toolchains/gnu_arm/4.8_2013q4/bin/../lib/gcc/arm-none-eabi/4.8.3/armv6-m\libgcc.a(_muldi3.o)
                0x00003fbc                __muldi3
                0x00003fbc                __aeabi_lmul
 .text          0x00004000       0x6c c:/siliconlabs/simplicitystudio/v3/developer/toolchains/gnu_arm/4.8_2013q4/bin/../lib/gcc/arm-none-eabi/4.8.3/armv6-m\libgcc.a(bpabi.o)
                0x00004000                __gnu_ldivmod_helper
                0x00004038                __gnu_uldivmod_helper
 .text          0x0000406c      0x3b0 c:/siliconlabs/simplicitystudio/v3/developer/toolchains/gnu_arm/4.8_2013q4/bin/../lib/gcc/arm-none-eabi/4.8.3/armv6-m\libgcc.a(_divdi3.o)
                0x0000406c                __divdi3
 .text          0x0000441c      0x380 c:/siliconlabs/simplicitystudio/v3/developer/toolchains/gnu_arm/4.8_2013q4/bin/../lib/gcc/arm-none-eabi/4.8.3/armv6-m\libgcc.a(_udivdi3.o)
                0x0000441c                __udivdi3
 .text          0x0000479c       0x3c c:/siliconlabs/simplicitystudio/v3/developer/toolchains/gnu_arm/4.8_2013q4/bin/../lib/gcc/arm-none-eabi/4.8.3/armv6-m\libgcc.a(_clzsi2.o)
                0x0000479c                __clzsi2
 .text.exit     0x000047d8       0x2c c:/siliconlabs/simplicitystudio/v3/developer/toolchains/gnu_arm/4.8_2013q4/bin/../lib/gcc/arm-none-eabi/4.8.3/../../../../arm-none-eabi/lib/armv6-m\libc_s.a(lib_a-exit.o)
                0x000047d8                exit
 .text.__libc_init_array
                0x00004804       0x4c c:/siliconlabs/simplicitystudio/v3/developer/toolchains/gnu_arm/4.8_2013q4/bin/../lib/gcc/arm-none-eabi/4.8.3/../../../../arm-none-eabi/lib/armv6-m\libc_s.a(lib_a-init.o)
                0x00004804                __libc_init_array
 .text.memcpy   0x00004850       0x12 c:/siliconlabs/simplicitystudio/v3/developer/toolchains/gnu_arm/4.8_2013q4/bin/../lib/gcc/arm-none-eabi/4.8.3/../../../../arm-none-eabi/lib/armv6-m\libc_s.a(lib_a-memcpy-stub.o)
                0x00004850                memcpy
 .text.memset   0x00004862       0x10 c:/siliconlabs/simplicitystudio/v3/developer/toolchains/gnu_arm/4.8_2013q4/bin/../lib/gcc/arm-none-eabi/4.8.3/../../../../arm-none-eabi/lib/armv6-m\libc_s.a(lib_a-memset.o)
                0x00004862                memset
 .text.strlen   0x00004872        0xe c:/siliconlabs/simplicitystudio/v3/developer/toolchains/gnu_arm/4.8_2013q4/bin/../lib/gcc/arm-none-eabi/4.8.3/../../../../arm-none-eabi/lib/armv6-m\libc_s.a(lib_a-strlen.o)
                0x00004872                strlen
 .text._exit    0x00004880        0x4 c:/siliconlabs/simplicitystudio/v3/developer/toolchains/gnu_arm/4.8_2013q4/bin/../lib/gcc/arm-none-eabi/4.8.3/../../../../arm-none-eabi/lib/armv6-m\libnosys.a(_exit.o)
                0x00004880                _exit
 *(.init)
 .init          0x00004884        0x4 c:/siliconlabs/simplicitystudio/v3/developer/toolchains/gnu_arm/4.8_2013q4/bin/../lib/gcc/arm-none-eabi/4.8.3/armv6-m/crti.o
                0x00004884                _init
 .init          0x00004888        0x8 c:/siliconlabs/simplicitystudio/v3/developer/toolchains/gnu_arm/4.8_2013q4/bin/../lib/gcc/arm-none-eabi/4.8.3/armv6-m/crtn.o
 *(.fini)
 .fini          0x00004890        0x4 c:/siliconlabs/simplicitystudio/v3/developer/toolchains/gnu_arm/4.8_2013q4/bin/../lib/gcc/arm-none-eabi/4.8.3/armv6-m/crti.o
                0x00004890                _fini
 .fini          0x00004894        0x8 c:/siliconlabs/simplicitystudio/v3/developer/toolchains/gnu_arm/4.8_2013q4/bin/../lib/gcc/arm-none-eabi/4.8.3/armv6-m/crtn.o
 *crtbegin.o(.ctors)
 *crtbegin?.o(.ctors)
 *(EXCLUDE_FILE(*crtend.o *crtend?.o) .ctors)
 *(SORT(.ctors.*))
 *(.ctors)
 *crtbegin.o(.dtors)
 *crtbegin?.o(.dtors)
 *(EXCLUDE_FILE(*crtend.o *crtend?.o) .dtors)
 *(SORT(.dtors.*))
 *(.dtors)
 *(.rodata*)
 .rodata.background
                0x0000489c     0x1800 ./src/background.o
                0x0000489c                background
 .rodata.str1.1
                0x0000609c       0xc7 ./src/graphics.o
                                 0xc9 (size before relaxing)
 .rodata.sinLUT
                0x00006163       0x32 ./src/graphics.o
 *fill*         0x00006195        0x3 
 .rodata        0x00006198       0x18 ./src/weatherstation.o
 .rodata.i2cNSum
                0x000061b0        0x4 ./emlib/em_i2c.o
 .rodata.GLIB_FontNormal8x8
                0x000061b4       0x10 ./Graphics/glib_font_normal_8x8.o
                0x000061b4                GLIB_FontNormal8x8
 .rodata.GLIB_FontNormal8x8PixMap
                0x000061c4      0x320 ./Graphics/glib_font_normal_8x8.o
 .rodata.str1.1
                0x000064e4       0x15 ./Drivers/displayls013b7dh03.o
 *fill*         0x000064f9        0x3 
 .rodata        0x000064fc       0x18 ./Drivers/displaypalemlib.o
 .rodata.initRTC
                0x00006514        0x3 ./Drivers/rtcdriver.o
 .rodata        0x00006517        0x3 ./Drivers/udelay.o
 .rodata.str1.1
                0x00000000        0x2 c:/siliconlabs/simplicitystudio/v3/developer/toolchains/gnu_arm/4.8_2013q4/bin/../lib/gcc/arm-none-eabi/4.8.3/../../../../arm-none-eabi/lib/armv6-m\libc_s.a(lib_a-impure.o)
 *fill*         0x0000651a        0x2 
 .rodata._global_impure_ptr
                0x0000651c        0x4 c:/siliconlabs/simplicitystudio/v3/developer/toolchains/gnu_arm/4.8_2013q4/bin/../lib/gcc/arm-none-eabi/4.8.3/../../../../arm-none-eabi/lib/armv6-m\libc_s.a(lib_a-impure.o)
                0x0000651c                _global_impure_ptr
 *(.eh_frame*)
 .eh_frame      0x00006520        0x0 c:/siliconlabs/simplicitystudio/v3/developer/toolchains/gnu_arm/4.8_2013q4/bin/../lib/gcc/arm-none-eabi/4.8.3/armv6-m/crtbegin.o
 .eh_frame      0x00006520        0x4 c:/siliconlabs/simplicitystudio/v3/developer/toolchains/gnu_arm/4.8_2013q4/bin/../lib/gcc/arm-none-eabi/4.8.3/armv6-m/crtend.o

.glue_7         0x00006524        0x0
 .glue_7        0x00000000        0x0 linker stubs

.glue_7t        0x00006524        0x0
 .glue_7t       0x00000000        0x0 linker stubs

.vfp11_veneer   0x00006524        0x0
 .vfp11_veneer  0x00000000        0x0 linker stubs

.v4_bx          0x00006524        0x0
 .v4_bx         0x00000000        0x0 linker stubs

.iplt           0x00006524        0x0
 .iplt          0x00000000        0x0 c:/siliconlabs/simplicitystudio/v3/developer/toolchains/gnu_arm/4.8_2013q4/bin/../lib/gcc/arm-none-eabi/4.8.3/armv6-m/crtbegin.o

.ARM.extab
 *(.ARM.extab* .gnu.linkonce.armextab.*)
                0x00006524                __exidx_start = .

.ARM.exidx      0x00006524        0x8
 *(.ARM.exidx* .gnu.linkonce.armexidx.*)
 .ARM.exidx     0x00006524        0x8 c:/siliconlabs/simplicitystudio/v3/developer/toolchains/gnu_arm/4.8_2013q4/bin/../lib/gcc/arm-none-eabi/4.8.3/../../../../arm-none-eabi/lib/armv6-m/crt0.o
 .ARM.exidx     0x0000652c        0x0 c:/siliconlabs/simplicitystudio/v3/developer/toolchains/gnu_arm/4.8_2013q4/bin/../lib/gcc/arm-none-eabi/4.8.3/armv6-m\libgcc.a(_divdi3.o)
                                  0x8 (size before relaxing)
 .ARM.exidx     0x0000652c        0x0 c:/siliconlabs/simplicitystudio/v3/developer/toolchains/gnu_arm/4.8_2013q4/bin/../lib/gcc/arm-none-eabi/4.8.3/armv6-m\libgcc.a(_udivdi3.o)
                                  0x8 (size before relaxing)
                0x0000652c                __exidx_end = .
                0x0000652c                __etext = .

.rel.dyn        0x0000652c        0x0
 .rel.iplt      0x00000000        0x0 c:/siliconlabs/simplicitystudio/v3/developer/toolchains/gnu_arm/4.8_2013q4/bin/../lib/gcc/arm-none-eabi/4.8.3/armv6-m/crtbegin.o

.data           0x20000000       0xc8 load address 0x0000652c
                0x20000000                __data_start__ = .
 *(vtable)
 *(.data*)
 .data.pb0Action
                0x20000000        0x4 ./src/weatherstation.o
 .data.updateMeasurement
                0x20000004        0x1 ./src/weatherstation.o
 .data.updateDisplay
                0x20000005        0x1 ./src/weatherstation.o
 *fill*         0x20000006        0x2 
 .data.pDisplayDeviceDriverInitFunctions
                0x20000008        0x8 ./Drivers/display.o
 .data.pixelMatrixPool
                0x20000010        0x4 ./Drivers/displayls013b7dh03.o
 .data.calref   0x20000014       0x40 ./Drivers/si114x_functions.o
                0x20000014                calref
 .data.loops_per_jiffy
                0x20000054        0x4 ./Drivers/udelay.o
                0x20000054                loops_per_jiffy
 .data.SystemLFXOClock
                0x20000058        0x4 ./CMSIS/efm32zg/system_efm32zg.o
 .data.SystemHFXOClock
                0x2000005c        0x4 ./CMSIS/efm32zg/system_efm32zg.o
 .data.impure_data
                0x20000060       0x60 c:/siliconlabs/simplicitystudio/v3/developer/toolchains/gnu_arm/4.8_2013q4/bin/../lib/gcc/arm-none-eabi/4.8.3/../../../../arm-none-eabi/lib/armv6-m\libc_s.a(lib_a-impure.o)
                0x200000c0                . = ALIGN (0x4)
 *(.ram)
                0x200000c0                . = ALIGN (0x4)
                0x200000c0                PROVIDE (__preinit_array_start, .)
 *(.preinit_array)
                0x200000c0                PROVIDE (__preinit_array_end, .)
                0x200000c0                . = ALIGN (0x4)
                0x200000c0                PROVIDE (__init_array_start, .)
 *(SORT(.init_array.*))
 *(.init_array)
 .init_array    0x200000c0        0x4 c:/siliconlabs/simplicitystudio/v3/developer/toolchains/gnu_arm/4.8_2013q4/bin/../lib/gcc/arm-none-eabi/4.8.3/armv6-m/crtbegin.o
                0x200000c4                PROVIDE (__init_array_end, .)
                0x200000c4                . = ALIGN (0x4)
                0x200000c4                PROVIDE (__fini_array_start, .)
 *(SORT(.fini_array.*))
 *(.fini_array)
 .fini_array    0x200000c4        0x4 c:/siliconlabs/simplicitystudio/v3/developer/toolchains/gnu_arm/4.8_2013q4/bin/../lib/gcc/arm-none-eabi/4.8.3/armv6-m/crtbegin.o
                0x200000c8                PROVIDE (__fini_array_end, .)
                0x200000c8                . = ALIGN (0x4)
                0x200000c8                __data_end__ = .

.jcr            0x200000c8        0x0 load address 0x000065f4
 .jcr           0x200000c8        0x0 c:/siliconlabs/simplicitystudio/v3/developer/toolchains/gnu_arm/4.8_2013q4/bin/../lib/gcc/arm-none-eabi/4.8.3/armv6-m/crtbegin.o

.igot.plt       0x200000c8        0x0 load address 0x000065f4
 .igot.plt      0x00000000        0x0 c:/siliconlabs/simplicitystudio/v3/developer/toolchains/gnu_arm/4.8_2013q4/bin/../lib/gcc/arm-none-eabi/4.8.3/armv6-m/crtbegin.o

.bss            0x200000c8      0x9ec load address 0x000065f8
                0x200000c8                __bss_start__ = .
 *(.bss*)
 .bss           0x200000c8       0x1c c:/siliconlabs/simplicitystudio/v3/developer/toolchains/gnu_arm/4.8_2013q4/bin/../lib/gcc/arm-none-eabi/4.8.3/armv6-m/crtbegin.o
 .bss.glibContext
                0x200000e4       0x2c ./src/graphics.o
 .bss.processGestures
                0x20000110        0x1 ./src/weatherstation.o
 .bss.demoMode  0x20000111        0x1 ./src/weatherstation.o
 *fill*         0x20000112        0x2 
 .bss.xoffset   0x20000114        0x4 ./src/weatherstation.o
 .bss.rtcCallbackArg
                0x20000118        0x4 ./src/weatherstation.o
 .bss.adcConversionComplete
                0x2000011c        0x1 ./src/weatherstation.o
 *fill*         0x2000011d        0x3 
 .bss.yoffset   0x20000120        0x4 ./src/weatherstation.o
 .bss.startDemo
                0x20000124        0x1 ./src/weatherstation.o
 *fill*         0x20000125        0x3 
 .bss.xinc      0x20000128        0x4 ./src/weatherstation.o
 .bss.yinc      0x2000012c        0x4 ./src/weatherstation.o
 .bss.rtcCallback
                0x20000130        0x4 ./src/weatherstation.o
 .bss.cmuStatus
                0x20000134        0x4 ./emlib/em_emu.o
 .bss.i2cTransfer
                0x20000138        0xc ./emlib/em_i2c.o
 .bss.INT_LockCnt
                0x20000144        0x4 ./emlib/em_int.o
                0x20000144                INT_LockCnt
 .bss.pixelMatrixBuffer
                0x20000148        0x4 ./Graphics/dmd_display.o
 .bss.displayDevice
                0x2000014c       0x2c ./Graphics/dmd_display.o
 .bss.dimensions
                0x20000178        0xc ./Graphics/dmd_display.o
 .bss.moduleInitialized
                0x20000184        0x1 ./Graphics/dmd_display.o
 *fill*         0x20000185        0x3 
 .bss.devicesRegistered
                0x20000188        0x4 ./Drivers/display.o
 .bss.deviceTable
                0x2000018c       0x2c ./Drivers/display.o
 .bss.moduleInitialized
                0x200001b8        0x1 ./Drivers/display.o
 .bss.pixelMatrixPoolBase
                0x200001b9      0x800 ./Drivers/displayls013b7dh03.o
 .bss.rtcRunning
                0x200009b9        0x1 ./Drivers/rtcdriver.o
 .bss.rtcdrvIsInitialized
                0x200009ba        0x1 ./Drivers/rtcdriver.o
 .bss.inTimerIRQ
                0x200009bb        0x1 ./Drivers/rtcdriver.o
 *fill*         0x200009bc        0x4 
 .bss.timer     0x200009c0       0xa0 ./Drivers/rtcdriver.o
 .bss.startTimerNestingLevel
                0x20000a60        0x4 ./Drivers/rtcdriver.o
 .bss.lastStart
                0x20000a64        0x4 ./Drivers/rtcdriver.o
 .bss.ps_entry_time.7353
                0x20000a68        0xc ./Drivers/si114x_algorithm.o
 .bss.ps_state.7355
                0x20000a74        0x3 ./Drivers/si114x_algorithm.o
 *fill*         0x20000a77        0x1 
 .bss.si114x_i2c
                0x20000a78        0x8 ./Drivers/si114x_algorithm.o
 .bss.ps_exit_time.7354
                0x20000a80        0xc ./Drivers/si114x_algorithm.o
 *(COMMON)
 COMMON         0x20000a8c       0x14 ./src/weatherstation.o
                0x20000a8c                gestureTimeoutTimerId
                0x20000a90                periodicUpdateTimerId
                0x20000a94                msTicks
                0x20000a98                animationTimerId
                0x20000a9c                millisecondsTimerId
 COMMON         0x20000aa0       0x10 ./Graphics/dmd_display.o
                0x20000aa0                dirtyRows
 COMMON         0x20000ab0        0x4 ./CMSIS/efm32zg/system_efm32zg.o
                0x20000ab0                SystemCoreClock
                0x20000ab4                __bss_end__ = .

.heap           0x20000ab8        0x0
                0x20000ab8                __end__ = .
                0x20000ab8                end = __end__
                0x20000ab8                _end = __end__
 *(.heap*)
 .heap          0x20000ab8        0x0 ./CMSIS/efm32zg/startup_efm32zg.o
                0x20000ab8                __HeapLimit = .

.stack_dummy    0x20000ab8      0x400
 *(.stack)
 .stack         0x20000ab8      0x400 ./CMSIS/efm32zg/startup_efm32zg.o
                0x20001000                __StackTop = (ORIGIN (RAM) + 0x1000)
                0x20000c00                __StackLimit = (__StackTop - SIZEOF (.stack_dummy))
                0x20001000                PROVIDE (__stack, __StackTop)
                0x00000001                ASSERT ((__StackLimit >= __HeapLimit), region RAM overflowed with stack)
                0x00000001                ASSERT ((0x8000 >= (__etext + SIZEOF (.data))), FLASH memory overflowed !)
OUTPUT(STK3200_weatherstation.axf elf32-littlearm)

.ARM.attributes
                0x00000000       0x28
 .ARM.attributes
                0x00000000       0x1e c:/siliconlabs/simplicitystudio/v3/developer/toolchains/gnu_arm/4.8_2013q4/bin/../lib/gcc/arm-none-eabi/4.8.3/armv6-m/crti.o
 .ARM.attributes
                0x0000001e       0x2c c:/siliconlabs/simplicitystudio/v3/developer/toolchains/gnu_arm/4.8_2013q4/bin/../lib/gcc/arm-none-eabi/4.8.3/armv6-m/crtbegin.o
 .ARM.attributes
                0x0000004a       0x1b c:/siliconlabs/simplicitystudio/v3/developer/toolchains/gnu_arm/4.8_2013q4/bin/../lib/gcc/arm-none-eabi/4.8.3/../../../../arm-none-eabi/lib/armv6-m/crt0.o
 .ARM.attributes
                0x00000065       0x32 ./src/background.o
 .ARM.attributes
                0x00000097       0x32 ./src/graphics.o
 .ARM.attributes
                0x000000c9       0x32 ./src/weatherstation.o
 .ARM.attributes
                0x000000fb       0x32 ./emlib/em_adc.o
 .ARM.attributes
                0x0000012d       0x32 ./emlib/em_cmu.o
 .ARM.attributes
                0x0000015f       0x32 ./emlib/em_emu.o
 .ARM.attributes
                0x00000191       0x32 ./emlib/em_gpio.o
 .ARM.attributes
                0x000001c3       0x32 ./emlib/em_i2c.o
 .ARM.attributes
                0x000001f5       0x32 ./emlib/em_int.o
 .ARM.attributes
                0x00000227       0x32 ./emlib/em_rtc.o
 .ARM.attributes
                0x00000259       0x32 ./emlib/em_usart.o
 .ARM.attributes
                0x0000028b       0x32 ./Graphics/dmd_display.o
 .ARM.attributes
                0x000002bd       0x32 ./Graphics/glib.o
 .ARM.attributes
                0x000002ef       0x32 ./Graphics/glib_font_normal_8x8.o
 .ARM.attributes
                0x00000321       0x32 ./Graphics/glib_line.o
 .ARM.attributes
                0x00000353       0x32 ./Graphics/glib_rectangle.o
 .ARM.attributes
                0x00000385       0x32 ./Graphics/glib_string.o
 .ARM.attributes
                0x000003b7       0x32 ./Drivers/display.o
 .ARM.attributes
                0x000003e9       0x32 ./Drivers/displayls013b7dh03.o
 .ARM.attributes
                0x0000041b       0x32 ./Drivers/displaypalemlib.o
 .ARM.attributes
                0x0000044d       0x32 ./Drivers/i2cspm.o
 .ARM.attributes
                0x0000047f       0x32 ./Drivers/rtcdriver.o
 .ARM.attributes
                0x000004b1       0x32 ./Drivers/si1147_i2c.o
 .ARM.attributes
                0x000004e3       0x32 ./Drivers/si114x_algorithm.o
 .ARM.attributes
                0x00000515       0x32 ./Drivers/si114x_functions.o
 .ARM.attributes
                0x00000547       0x32 ./Drivers/si7013.o
 .ARM.attributes
                0x00000579       0x2b ./Drivers/udelay.o
 .ARM.attributes
                0x000005a4       0x1b ./CMSIS/efm32zg/startup_efm32zg.o
 .ARM.attributes
                0x000005bf       0x32 ./CMSIS/efm32zg/system_efm32zg.o
 .ARM.attributes
                0x000005f1       0x1e c:/siliconlabs/simplicitystudio/v3/developer/toolchains/gnu_arm/4.8_2013q4/bin/../lib/gcc/arm-none-eabi/4.8.3/armv6-m\libgcc.a(_thumb1_case_uqi.o)
 .ARM.attributes
                0x0000060f       0x1e c:/siliconlabs/simplicitystudio/v3/developer/toolchains/gnu_arm/4.8_2013q4/bin/../lib/gcc/arm-none-eabi/4.8.3/armv6-m\libgcc.a(_udivsi3.o)
 .ARM.attributes
                0x0000062d       0x1e c:/siliconlabs/simplicitystudio/v3/developer/toolchains/gnu_arm/4.8_2013q4/bin/../lib/gcc/arm-none-eabi/4.8.3/armv6-m\libgcc.a(_divsi3.o)
 .ARM.attributes
                0x0000064b       0x1e c:/siliconlabs/simplicitystudio/v3/developer/toolchains/gnu_arm/4.8_2013q4/bin/../lib/gcc/arm-none-eabi/4.8.3/armv6-m\libgcc.a(_dvmd_tls.o)
 .ARM.attributes
                0x00000669       0x1e c:/siliconlabs/simplicitystudio/v3/developer/toolchains/gnu_arm/4.8_2013q4/bin/../lib/gcc/arm-none-eabi/4.8.3/armv6-m\libgcc.a(_aeabi_uldivmod.o)
 .ARM.attributes
                0x00000687       0x2c c:/siliconlabs/simplicitystudio/v3/developer/toolchains/gnu_arm/4.8_2013q4/bin/../lib/gcc/arm-none-eabi/4.8.3/armv6-m\libgcc.a(_muldi3.o)
 .ARM.attributes
                0x000006b3       0x2c c:/siliconlabs/simplicitystudio/v3/developer/toolchains/gnu_arm/4.8_2013q4/bin/../lib/gcc/arm-none-eabi/4.8.3/armv6-m\libgcc.a(bpabi.o)
 .ARM.attributes
                0x000006df       0x2c c:/siliconlabs/simplicitystudio/v3/developer/toolchains/gnu_arm/4.8_2013q4/bin/../lib/gcc/arm-none-eabi/4.8.3/armv6-m\libgcc.a(_divdi3.o)
 .ARM.attributes
                0x0000070b       0x2c c:/siliconlabs/simplicitystudio/v3/developer/toolchains/gnu_arm/4.8_2013q4/bin/../lib/gcc/arm-none-eabi/4.8.3/armv6-m\libgcc.a(_udivdi3.o)
 .ARM.attributes
                0x00000737       0x1e c:/siliconlabs/simplicitystudio/v3/developer/toolchains/gnu_arm/4.8_2013q4/bin/../lib/gcc/arm-none-eabi/4.8.3/armv6-m\libgcc.a(_clzsi2.o)
 .ARM.attributes
                0x00000755       0x2c c:/siliconlabs/simplicitystudio/v3/developer/toolchains/gnu_arm/4.8_2013q4/bin/../lib/gcc/arm-none-eabi/4.8.3/../../../../arm-none-eabi/lib/armv6-m\libc_s.a(lib_a-exit.o)
 .ARM.attributes
                0x00000781       0x2c c:/siliconlabs/simplicitystudio/v3/developer/toolchains/gnu_arm/4.8_2013q4/bin/../lib/gcc/arm-none-eabi/4.8.3/../../../../arm-none-eabi/lib/armv6-m\libc_s.a(lib_a-impure.o)
 .ARM.attributes
                0x000007ad       0x2c c:/siliconlabs/simplicitystudio/v3/developer/toolchains/gnu_arm/4.8_2013q4/bin/../lib/gcc/arm-none-eabi/4.8.3/../../../../arm-none-eabi/lib/armv6-m\libc_s.a(lib_a-init.o)
 .ARM.attributes
                0x000007d9       0x2c c:/siliconlabs/simplicitystudio/v3/developer/toolchains/gnu_arm/4.8_2013q4/bin/../lib/gcc/arm-none-eabi/4.8.3/../../../../arm-none-eabi/lib/armv6-m\libc_s.a(lib_a-memcpy-stub.o)
 .ARM.attributes
                0x00000805       0x2c c:/siliconlabs/simplicitystudio/v3/developer/toolchains/gnu_arm/4.8_2013q4/bin/../lib/gcc/arm-none-eabi/4.8.3/../../../../arm-none-eabi/lib/armv6-m\libc_s.a(lib_a-memset.o)
 .ARM.attributes
                0x00000831       0x2c c:/siliconlabs/simplicitystudio/v3/developer/toolchains/gnu_arm/4.8_2013q4/bin/../lib/gcc/arm-none-eabi/4.8.3/../../../../arm-none-eabi/lib/armv6-m\libc_s.a(lib_a-strlen.o)
 .ARM.attributes
                0x0000085d       0x2c c:/siliconlabs/simplicitystudio/v3/developer/toolchains/gnu_arm/4.8_2013q4/bin/../lib/gcc/arm-none-eabi/4.8.3/../../../../arm-none-eabi/lib/armv6-m\libnosys.a(_exit.o)
 .ARM.attributes
                0x00000889       0x2c c:/siliconlabs/simplicitystudio/v3/developer/toolchains/gnu_arm/4.8_2013q4/bin/../lib/gcc/arm-none-eabi/4.8.3/armv6-m/crtend.o
 .ARM.attributes
                0x000008b5       0x1e c:/siliconlabs/simplicitystudio/v3/developer/toolchains/gnu_arm/4.8_2013q4/bin/../lib/gcc/arm-none-eabi/4.8.3/armv6-m/crtn.o

.comment        0x00000000       0x70
 .comment       0x00000000       0x70 ./src/background.o
                                 0x71 (size before relaxing)
 .comment       0x00000000       0x71 ./src/graphics.o
 .comment       0x00000000       0x71 ./src/weatherstation.o
 .comment       0x00000000       0x71 ./emlib/em_adc.o
 .comment       0x00000000       0x71 ./emlib/em_cmu.o
 .comment       0x00000000       0x71 ./emlib/em_emu.o
 .comment       0x00000000       0x71 ./emlib/em_gpio.o
 .comment       0x00000000       0x71 ./emlib/em_i2c.o
 .comment       0x00000000       0x71 ./emlib/em_int.o
 .comment       0x00000000       0x71 ./emlib/em_rtc.o
 .comment       0x00000000       0x71 ./emlib/em_usart.o
 .comment       0x00000000       0x71 ./Graphics/dmd_display.o
 .comment       0x00000000       0x71 ./Graphics/glib.o
 .comment       0x00000000       0x71 ./Graphics/glib_font_normal_8x8.o
 .comment       0x00000000       0x71 ./Graphics/glib_line.o
 .comment       0x00000000       0x71 ./Graphics/glib_rectangle.o
 .comment       0x00000000       0x71 ./Graphics/glib_string.o
 .comment       0x00000000       0x71 ./Drivers/display.o
 .comment       0x00000000       0x71 ./Drivers/displayls013b7dh03.o
 .comment       0x00000000       0x71 ./Drivers/displaypalemlib.o
 .comment       0x00000000       0x71 ./Drivers/i2cspm.o
 .comment       0x00000000       0x71 ./Drivers/rtcdriver.o
 .comment       0x00000000       0x71 ./Drivers/si1147_i2c.o
 .comment       0x00000000       0x71 ./Drivers/si114x_algorithm.o
 .comment       0x00000000       0x71 ./Drivers/si114x_functions.o
 .comment       0x00000000       0x71 ./Drivers/si7013.o
 .comment       0x00000000       0x71 ./Drivers/udelay.o
 .comment       0x00000000       0x71 ./CMSIS/efm32zg/system_efm32zg.o

.debug_info     0x00000000    0x11a04
 .debug_info    0x00000000       0x9e ./src/background.o
 .debug_info    0x0000009e      0xf2c ./src/graphics.o
 .debug_info    0x00000fca     0x1f08 ./src/weatherstation.o
 .debug_info    0x00002ed2      0xa72 ./emlib/em_adc.o
 .debug_info    0x00003944     0x1450 ./emlib/em_cmu.o
 .debug_info    0x00004d94      0x648 ./emlib/em_emu.o
 .debug_info    0x000053dc      0x56e ./emlib/em_gpio.o
 .debug_info    0x0000594a      0x865 ./emlib/em_i2c.o
 .debug_info    0x000061af       0xa0 ./emlib/em_int.o
 .debug_info    0x0000624f      0x362 ./emlib/em_rtc.o
 .debug_info    0x000065b1      0xe87 ./emlib/em_usart.o
 .debug_info    0x00007438      0xb2e ./Graphics/dmd_display.o
 .debug_info    0x00007f66      0xaa7 ./Graphics/glib.o
 .debug_info    0x00008a0d      0x184 ./Graphics/glib_font_normal_8x8.o
 .debug_info    0x00008b91      0x807 ./Graphics/glib_line.o
 .debug_info    0x00009398      0x5f1 ./Graphics/glib_rectangle.o
 .debug_info    0x00009989      0x60f ./Graphics/glib_string.o
 .debug_info    0x00009f98      0x4b8 ./Drivers/display.o
 .debug_info    0x0000a450      0xafe ./Drivers/displayls013b7dh03.o
 .debug_info    0x0000af4e      0xd74 ./Drivers/displaypalemlib.o
 .debug_info    0x0000bcc2      0x950 ./Drivers/i2cspm.o
 .debug_info    0x0000c612     0x115a ./Drivers/rtcdriver.o
 .debug_info    0x0000d76c      0x7cc ./Drivers/si1147_i2c.o
 .debug_info    0x0000df38      0xbe0 ./Drivers/si114x_algorithm.o
 .debug_info    0x0000eb18     0x174c ./Drivers/si114x_functions.o
 .debug_info    0x00010264      0x565 ./Drivers/si7013.o
 .debug_info    0x000107c9      0xd1e ./Drivers/udelay.o
 .debug_info    0x000114e7       0xfb ./CMSIS/efm32zg/startup_efm32zg.o
 .debug_info    0x000115e2      0x422 ./CMSIS/efm32zg/system_efm32zg.o

.debug_abbrev   0x00000000     0x3f1c
 .debug_abbrev  0x00000000       0x5d ./src/background.o
 .debug_abbrev  0x0000005d      0x29a ./src/graphics.o
 .debug_abbrev  0x000002f7      0x499 ./src/weatherstation.o
 .debug_abbrev  0x00000790      0x251 ./emlib/em_adc.o
 .debug_abbrev  0x000009e1      0x3d7 ./emlib/em_cmu.o
 .debug_abbrev  0x00000db8      0x228 ./emlib/em_emu.o
 .debug_abbrev  0x00000fe0      0x1e2 ./emlib/em_gpio.o
 .debug_abbrev  0x000011c2      0x2d0 ./emlib/em_i2c.o
 .debug_abbrev  0x00001492       0x42 ./emlib/em_int.o
 .debug_abbrev  0x000014d4      0x1e9 ./emlib/em_rtc.o
 .debug_abbrev  0x000016bd      0x248 ./emlib/em_usart.o
 .debug_abbrev  0x00001905      0x250 ./Graphics/dmd_display.o
 .debug_abbrev  0x00001b55      0x270 ./Graphics/glib.o
 .debug_abbrev  0x00001dc5       0xa7 ./Graphics/glib_font_normal_8x8.o
 .debug_abbrev  0x00001e6c      0x241 ./Graphics/glib_line.o
 .debug_abbrev  0x000020ad      0x194 ./Graphics/glib_rectangle.o
 .debug_abbrev  0x00002241      0x13f ./Graphics/glib_string.o
 .debug_abbrev  0x00002380      0x158 ./Drivers/display.o
 .debug_abbrev  0x000024d8      0x29b ./Drivers/displayls013b7dh03.o
 .debug_abbrev  0x00002773      0x2a7 ./Drivers/displaypalemlib.o
 .debug_abbrev  0x00002a1a      0x22c ./Drivers/i2cspm.o
 .debug_abbrev  0x00002c46      0x423 ./Drivers/rtcdriver.o
 .debug_abbrev  0x00003069      0x1ee ./Drivers/si1147_i2c.o
 .debug_abbrev  0x00003257      0x2ba ./Drivers/si114x_algorithm.o
 .debug_abbrev  0x00003511      0x3c4 ./Drivers/si114x_functions.o
 .debug_abbrev  0x000038d5      0x19a ./Drivers/si7013.o
 .debug_abbrev  0x00003a6f      0x2f8 ./Drivers/udelay.o
 .debug_abbrev  0x00003d67       0x14 ./CMSIS/efm32zg/startup_efm32zg.o
 .debug_abbrev  0x00003d7b      0x1a1 ./CMSIS/efm32zg/system_efm32zg.o

.debug_aranges  0x00000000      0x9d8
 .debug_aranges
                0x00000000       0x18 ./src/background.o
 .debug_aranges
                0x00000018       0x38 ./src/graphics.o
 .debug_aranges
                0x00000050       0x80 ./src/weatherstation.o
 .debug_aranges
                0x000000d0       0x48 ./emlib/em_adc.o
 .debug_aranges
                0x00000118       0xe8 ./emlib/em_cmu.o
 .debug_aranges
                0x00000200       0x50 ./emlib/em_emu.o
 .debug_aranges
                0x00000250       0x38 ./emlib/em_gpio.o
 .debug_aranges
                0x00000288       0x50 ./emlib/em_i2c.o
 .debug_aranges
                0x000002d8       0x18 ./emlib/em_int.o
 .debug_aranges
                0x000002f0       0x50 ./emlib/em_rtc.o
 .debug_aranges
                0x00000340       0xb8 ./emlib/em_usart.o
 .debug_aranges
                0x000003f8       0x88 ./Graphics/dmd_display.o
 .debug_aranges
                0x00000480       0x78 ./Graphics/glib.o
 .debug_aranges
                0x000004f8       0x18 ./Graphics/glib_font_normal_8x8.o
 .debug_aranges
                0x00000510       0x38 ./Graphics/glib_line.o
 .debug_aranges
                0x00000548       0x38 ./Graphics/glib_rectangle.o
 .debug_aranges
                0x00000580       0x30 ./Graphics/glib_string.o
 .debug_aranges
                0x000005b0       0x38 ./Drivers/display.o
 .debug_aranges
                0x000005e8       0x60 ./Drivers/displayls013b7dh03.o
 .debug_aranges
                0x00000648       0x80 ./Drivers/displaypalemlib.o
 .debug_aranges
                0x000006c8       0x28 ./Drivers/i2cspm.o
 .debug_aranges
                0x000006f0       0x98 ./Drivers/rtcdriver.o
 .debug_aranges
                0x00000788       0x60 ./Drivers/si1147_i2c.o
 .debug_aranges
                0x000007e8       0x48 ./Drivers/si114x_algorithm.o
 .debug_aranges
                0x00000830       0xc8 ./Drivers/si114x_functions.o
 .debug_aranges
                0x000008f8       0x38 ./Drivers/si7013.o
 .debug_aranges
                0x00000930       0x28 ./Drivers/udelay.o
 .debug_aranges
                0x00000958       0x20 ./CMSIS/efm32zg/startup_efm32zg.o
 .debug_aranges
                0x00000978       0x60 ./CMSIS/efm32zg/system_efm32zg.o

.debug_line     0x00000000     0x5d64
 .debug_line    0x00000000       0xa1 ./src/background.o
 .debug_line    0x000000a1      0x400 ./src/graphics.o
 .debug_line    0x000004a1      0x6aa ./src/weatherstation.o
 .debug_line    0x00000b4b      0x311 ./emlib/em_adc.o
 .debug_line    0x00000e5c      0x6b7 ./emlib/em_cmu.o
 .debug_line    0x00001513      0x396 ./emlib/em_emu.o
 .debug_line    0x000018a9      0x257 ./emlib/em_gpio.o
 .debug_line    0x00001b00      0x35e ./emlib/em_i2c.o
 .debug_line    0x00001e5e       0xdb ./emlib/em_int.o
 .debug_line    0x00001f39      0x26e ./emlib/em_rtc.o
 .debug_line    0x000021a7      0x41f ./emlib/em_usart.o
 .debug_line    0x000025c6      0x50b ./Graphics/dmd_display.o
 .debug_line    0x00002ad1      0x307 ./Graphics/glib.o
 .debug_line    0x00002dd8       0xfb ./Graphics/glib_font_normal_8x8.o
 .debug_line    0x00002ed3      0x2ea ./Graphics/glib_line.o
 .debug_line    0x000031bd      0x22b ./Graphics/glib_rectangle.o
 .debug_line    0x000033e8      0x2f0 ./Graphics/glib_string.o
 .debug_line    0x000036d8      0x247 ./Drivers/display.o
 .debug_line    0x0000391f      0x332 ./Drivers/displayls013b7dh03.o
 .debug_line    0x00003c51      0x430 ./Drivers/displaypalemlib.o
 .debug_line    0x00004081      0x25d ./Drivers/i2cspm.o
 .debug_line    0x000042de      0x792 ./Drivers/rtcdriver.o
 .debug_line    0x00004a70      0x370 ./Drivers/si1147_i2c.o
 .debug_line    0x00004de0      0x310 ./Drivers/si114x_algorithm.o
 .debug_line    0x000050f0      0x3d1 ./Drivers/si114x_functions.o
 .debug_line    0x000054c1      0x247 ./Drivers/si7013.o
 .debug_line    0x00005708      0x351 ./Drivers/udelay.o
 .debug_line    0x00005a59       0xd1 ./CMSIS/efm32zg/startup_efm32zg.o
 .debug_line    0x00005b2a      0x23a ./CMSIS/efm32zg/system_efm32zg.o

.debug_str      0x00000000     0x46e9
 .debug_str     0x00000000      0x1b5 ./src/background.o
                                0x1e9 (size before relaxing)
 .debug_str     0x000001b5      0x381 ./src/graphics.o
                                0x5d8 (size before relaxing)
 .debug_str     0x00000536     0x1165 ./src/weatherstation.o
                               0x1404 (size before relaxing)
 .debug_str     0x0000169b      0x15f ./emlib/em_adc.o
                                0xa22 (size before relaxing)
 .debug_str     0x000017fa      0x71d ./emlib/em_cmu.o
                                0xb28 (size before relaxing)
 .debug_str     0x00001f17      0x13c ./emlib/em_emu.o
                                0x44f (size before relaxing)
 .debug_str     0x00002053       0xf9 ./emlib/em_gpio.o
                                0x546 (size before relaxing)
 .debug_str     0x0000214c      0x2c4 ./emlib/em_i2c.o
                                0x6b3 (size before relaxing)
 .debug_str     0x00002410       0x5a ./emlib/em_int.o
                                0x1e3 (size before relaxing)
 .debug_str     0x0000246a       0xf4 ./emlib/em_rtc.o
                                0x2c2 (size before relaxing)
 .debug_str     0x0000255e      0x870 ./emlib/em_usart.o
                                0xbd1 (size before relaxing)
 .debug_str     0x00002dce      0x41e ./Graphics/dmd_display.o
                                0x67a (size before relaxing)
 .debug_str     0x000031ec      0x1a1 ./Graphics/glib.o
                                0x5b0 (size before relaxing)
 .debug_str     0x0000338d       0x7d ./Graphics/glib_font_normal_8x8.o
                                0x2d8 (size before relaxing)
 .debug_str     0x0000340a       0xdf ./Graphics/glib_line.o
                                0x4cd (size before relaxing)
 .debug_str     0x000034e9       0xa0 ./Graphics/glib_rectangle.o
                                0x4aa (size before relaxing)
 .debug_str     0x00003589       0xdf ./Graphics/glib_string.o
                                0x4aa (size before relaxing)
 .debug_str     0x00003668      0x121 ./Drivers/display.o
                                0x479 (size before relaxing)
 .debug_str     0x00003789      0x1f4 ./Drivers/displayls013b7dh03.o
                                0x60d (size before relaxing)
 .debug_str     0x0000397d       0xf0 ./Drivers/displaypalemlib.o
                                0xb2b (size before relaxing)
 .debug_str     0x00003a6d       0x79 ./Drivers/i2cspm.o
                                0x856 (size before relaxing)
 .debug_str     0x00003ae6      0x2e4 ./Drivers/rtcdriver.o
                                0x9dd (size before relaxing)
 .debug_str     0x00003dca      0x165 ./Drivers/si1147_i2c.o
                                0x449 (size before relaxing)
 .debug_str     0x00003f2f      0x21d ./Drivers/si114x_algorithm.o
                                0x51c (size before relaxing)
 .debug_str     0x0000414c      0x322 ./Drivers/si114x_functions.o
                                0x5d2 (size before relaxing)
 .debug_str     0x0000446e       0x91 ./Drivers/si7013.o
                                0x3b9 (size before relaxing)
 .debug_str     0x000044ff      0x108 ./Drivers/udelay.o
                                0x8f7 (size before relaxing)
 .debug_str     0x00004607       0xe2 ./CMSIS/efm32zg/system_efm32zg.o
                                0x3e4 (size before relaxing)

.debug_loc      0x00000000     0x9b63
 .debug_loc     0x00000000      0x5f4 ./src/graphics.o
 .debug_loc     0x000005f4      0x514 ./src/weatherstation.o
 .debug_loc     0x00000b08      0x3bf ./emlib/em_adc.o
 .debug_loc     0x00000ec7     0x1487 ./emlib/em_cmu.o
 .debug_loc     0x0000234e      0x178 ./emlib/em_emu.o
 .debug_loc     0x000024c6      0x219 ./emlib/em_gpio.o
 .debug_loc     0x000026df      0x541 ./emlib/em_i2c.o
 .debug_loc     0x00002c20       0xfb ./emlib/em_rtc.o
 .debug_loc     0x00002d1b      0x715 ./emlib/em_usart.o
 .debug_loc     0x00003430      0xc4c ./Graphics/dmd_display.o
 .debug_loc     0x0000407c      0x889 ./Graphics/glib.o
 .debug_loc     0x00004905      0x8dc ./Graphics/glib_line.o
 .debug_loc     0x000051e1      0x4b6 ./Graphics/glib_rectangle.o
 .debug_loc     0x00005697      0x533 ./Graphics/glib_string.o
 .debug_loc     0x00005bca      0x250 ./Drivers/display.o
 .debug_loc     0x00005e1a      0x5cd ./Drivers/displayls013b7dh03.o
 .debug_loc     0x000063e7      0x474 ./Drivers/displaypalemlib.o
 .debug_loc     0x0000685b      0x1d0 ./Drivers/i2cspm.o
 .debug_loc     0x00006a2b      0x97e ./Drivers/rtcdriver.o
 .debug_loc     0x000073a9      0x5a5 ./Drivers/si1147_i2c.o
 .debug_loc     0x0000794e      0x5ea ./Drivers/si114x_algorithm.o
 .debug_loc     0x00007f38     0x155c ./Drivers/si114x_functions.o
 .debug_loc     0x00009494      0x30f ./Drivers/si7013.o
 .debug_loc     0x000097a3      0x2c4 ./Drivers/udelay.o
 .debug_loc     0x00009a67       0xfc ./CMSIS/efm32zg/system_efm32zg.o

.debug_ranges   0x00000000      0xcd0
 .debug_ranges  0x00000000       0x58 ./src/graphics.o
 .debug_ranges  0x00000058      0x190 ./src/weatherstation.o
 .debug_ranges  0x000001e8       0x60 ./emlib/em_adc.o
 .debug_ranges  0x00000248      0x178 ./emlib/em_cmu.o
 .debug_ranges  0x000003c0       0x70 ./emlib/em_emu.o
 .debug_ranges  0x00000430       0x58 ./emlib/em_gpio.o
 .debug_ranges  0x00000488       0x68 ./emlib/em_i2c.o
 .debug_ranges  0x000004f0       0x58 ./emlib/em_rtc.o
 .debug_ranges  0x00000548       0xa8 ./emlib/em_usart.o
 .debug_ranges  0x000005f0       0xa8 ./Graphics/dmd_display.o
 .debug_ranges  0x00000698       0x80 ./Graphics/glib.o
 .debug_ranges  0x00000718       0x28 ./Graphics/glib_line.o
 .debug_ranges  0x00000740       0x28 ./Graphics/glib_rectangle.o
 .debug_ranges  0x00000768       0x20 ./Graphics/glib_string.o
 .debug_ranges  0x00000788       0x28 ./Drivers/display.o
 .debug_ranges  0x000007b0       0x50 ./Drivers/displayls013b7dh03.o
 .debug_ranges  0x00000800       0xb8 ./Drivers/displaypalemlib.o
 .debug_ranges  0x000008b8       0x18 ./Drivers/i2cspm.o
 .debug_ranges  0x000008d0      0x1a0 ./Drivers/rtcdriver.o
 .debug_ranges  0x00000a70       0x50 ./Drivers/si1147_i2c.o
 .debug_ranges  0x00000ac0       0x68 ./Drivers/si114x_algorithm.o
 .debug_ranges  0x00000b28      0x118 ./Drivers/si114x_functions.o
 .debug_ranges  0x00000c40       0x28 ./Drivers/si7013.o
 .debug_ranges  0x00000c68       0x18 ./Drivers/udelay.o
 .debug_ranges  0x00000c80       0x50 ./CMSIS/efm32zg/system_efm32zg.o

.debug_frame    0x00000000     0x1940
 .debug_frame   0x00000000       0x84 ./src/graphics.o
 .debug_frame   0x00000084      0x148 ./src/weatherstation.o
 .debug_frame   0x000001cc       0xac ./emlib/em_adc.o
 .debug_frame   0x00000278      0x238 ./emlib/em_cmu.o
 .debug_frame   0x000004b0       0xa0 ./emlib/em_emu.o
 .debug_frame   0x00000550       0x74 ./emlib/em_gpio.o
 .debug_frame   0x000005c4       0xb8 ./emlib/em_i2c.o
 .debug_frame   0x0000067c       0x88 ./emlib/em_rtc.o
 .debug_frame   0x00000704      0x1b8 ./emlib/em_usart.o
 .debug_frame   0x000008bc      0x178 ./Graphics/dmd_display.o
 .debug_frame   0x00000a34      0x160 ./Graphics/glib.o
 .debug_frame   0x00000b94       0x88 ./Graphics/glib_line.o
 .debug_frame   0x00000c1c       0x7c ./Graphics/glib_rectangle.o
 .debug_frame   0x00000c98       0x68 ./Graphics/glib_string.o
 .debug_frame   0x00000d00       0x70 ./Drivers/display.o
 .debug_frame   0x00000d70       0xf8 ./Drivers/displayls013b7dh03.o
 .debug_frame   0x00000e68      0x130 ./Drivers/displaypalemlib.o
 .debug_frame   0x00000f98       0x50 ./Drivers/i2cspm.o
 .debug_frame   0x00000fe8      0x1b8 ./Drivers/rtcdriver.o
 .debug_frame   0x000011a0      0x110 ./Drivers/si1147_i2c.o
 .debug_frame   0x000012b0       0xbc ./Drivers/si114x_algorithm.o
 .debug_frame   0x0000136c      0x240 ./Drivers/si114x_functions.o
 .debug_frame   0x000015ac       0x88 ./Drivers/si7013.o
 .debug_frame   0x00001634       0x40 ./Drivers/udelay.o
 .debug_frame   0x00001674       0xb8 ./CMSIS/efm32zg/system_efm32zg.o
 .debug_frame   0x0000172c       0x20 c:/siliconlabs/simplicitystudio/v3/developer/toolchains/gnu_arm/4.8_2013q4/bin/../lib/gcc/arm-none-eabi/4.8.3/armv6-m\libgcc.a(_udivsi3.o)
 .debug_frame   0x0000174c       0x20 c:/siliconlabs/simplicitystudio/v3/developer/toolchains/gnu_arm/4.8_2013q4/bin/../lib/gcc/arm-none-eabi/4.8.3/armv6-m\libgcc.a(_divsi3.o)
 .debug_frame   0x0000176c       0x30 c:/siliconlabs/simplicitystudio/v3/developer/toolchains/gnu_arm/4.8_2013q4/bin/../lib/gcc/arm-none-eabi/4.8.3/armv6-m\libgcc.a(_muldi3.o)
 .debug_frame   0x0000179c       0x50 c:/siliconlabs/simplicitystudio/v3/developer/toolchains/gnu_arm/4.8_2013q4/bin/../lib/gcc/arm-none-eabi/4.8.3/armv6-m\libgcc.a(bpabi.o)
 .debug_frame   0x000017ec       0x3c c:/siliconlabs/simplicitystudio/v3/developer/toolchains/gnu_arm/4.8_2013q4/bin/../lib/gcc/arm-none-eabi/4.8.3/armv6-m\libgcc.a(_divdi3.o)
 .debug_frame   0x00001828       0x3c c:/siliconlabs/simplicitystudio/v3/developer/toolchains/gnu_arm/4.8_2013q4/bin/../lib/gcc/arm-none-eabi/4.8.3/armv6-m\libgcc.a(_udivdi3.o)
 .debug_frame   0x00001864       0x28 c:/siliconlabs/simplicitystudio/v3/developer/toolchains/gnu_arm/4.8_2013q4/bin/../lib/gcc/arm-none-eabi/4.8.3/../../../../arm-none-eabi/lib/armv6-m\libc_s.a(lib_a-exit.o)
 .debug_frame   0x0000188c       0x2c c:/siliconlabs/simplicitystudio/v3/developer/toolchains/gnu_arm/4.8_2013q4/bin/../lib/gcc/arm-none-eabi/4.8.3/../../../../arm-none-eabi/lib/armv6-m\libc_s.a(lib_a-init.o)
 .debug_frame   0x000018b8       0x28 c:/siliconlabs/simplicitystudio/v3/developer/toolchains/gnu_arm/4.8_2013q4/bin/../lib/gcc/arm-none-eabi/4.8.3/../../../../arm-none-eabi/lib/armv6-m\libc_s.a(lib_a-memcpy-stub.o)
 .debug_frame   0x000018e0       0x20 c:/siliconlabs/simplicitystudio/v3/developer/toolchains/gnu_arm/4.8_2013q4/bin/../lib/gcc/arm-none-eabi/4.8.3/../../../../arm-none-eabi/lib/armv6-m\libc_s.a(lib_a-memset.o)
 .debug_frame   0x00001900       0x20 c:/siliconlabs/simplicitystudio/v3/developer/toolchains/gnu_arm/4.8_2013q4/bin/../lib/gcc/arm-none-eabi/4.8.3/../../../../arm-none-eabi/lib/armv6-m\libc_s.a(lib_a-strlen.o)
 .debug_frame   0x00001920       0x20 c:/siliconlabs/simplicitystudio/v3/developer/toolchains/gnu_arm/4.8_2013q4/bin/../lib/gcc/arm-none-eabi/4.8.3/../../../../arm-none-eabi/lib/armv6-m\libnosys.a(_exit.o)
