Archive member included because of file (symbol)

c:/siliconlabs/simplicitystudio/v3/developer/toolchains/gnu_arm/4.8_2013q4/bin/../lib/gcc/arm-none-eabi/4.8.3/armv6-m\libgcc.a(_thumb1_case_uqi.o)
                              ./emlib/em_adc.o (__gnu_thumb1_case_uqi)
c:/siliconlabs/simplicitystudio/v3/developer/toolchains/gnu_arm/4.8_2013q4/bin/../lib/gcc/arm-none-eabi/4.8.3/armv6-m\libgcc.a(_udivsi3.o)
                              ./emlib/em_adc.o (__aeabi_uidiv)
c:/siliconlabs/simplicitystudio/v3/developer/toolchains/gnu_arm/4.8_2013q4/bin/../lib/gcc/arm-none-eabi/4.8.3/armv6-m\libgcc.a(_divsi3.o)
                              ./src/main.o (__aeabi_idiv)
c:/siliconlabs/simplicitystudio/v3/developer/toolchains/gnu_arm/4.8_2013q4/bin/../lib/gcc/arm-none-eabi/4.8.3/armv6-m\libgcc.a(_dvmd_tls.o)
                              c:/siliconlabs/simplicitystudio/v3/developer/toolchains/gnu_arm/4.8_2013q4/bin/../lib/gcc/arm-none-eabi/4.8.3/armv6-m\libgcc.a(_udivsi3.o) (__aeabi_idiv0)
c:/siliconlabs/simplicitystudio/v3/developer/toolchains/gnu_arm/4.8_2013q4/bin/../lib/gcc/arm-none-eabi/4.8.3/armv6-m\libgcc.a(divsf3.o)
                              ./src/main.o (__aeabi_fdiv)
c:/siliconlabs/simplicitystudio/v3/developer/toolchains/gnu_arm/4.8_2013q4/bin/../lib/gcc/arm-none-eabi/4.8.3/armv6-m\libgcc.a(mulsf3.o)
                              ./src/main.o (__aeabi_fmul)
c:/siliconlabs/simplicitystudio/v3/developer/toolchains/gnu_arm/4.8_2013q4/bin/../lib/gcc/arm-none-eabi/4.8.3/armv6-m\libgcc.a(subsf3.o)
                              ./src/main.o (__aeabi_fsub)
c:/siliconlabs/simplicitystudio/v3/developer/toolchains/gnu_arm/4.8_2013q4/bin/../lib/gcc/arm-none-eabi/4.8.3/armv6-m\libgcc.a(fixsfsi.o)
                              ./src/main.o (__aeabi_f2iz)
c:/siliconlabs/simplicitystudio/v3/developer/toolchains/gnu_arm/4.8_2013q4/bin/../lib/gcc/arm-none-eabi/4.8.3/armv6-m\libgcc.a(floatsisf.o)
                              ./src/main.o (__aeabi_i2f)
c:/siliconlabs/simplicitystudio/v3/developer/toolchains/gnu_arm/4.8_2013q4/bin/../lib/gcc/arm-none-eabi/4.8.3/armv6-m\libgcc.a(_clzsi2.o)
                              c:/siliconlabs/simplicitystudio/v3/developer/toolchains/gnu_arm/4.8_2013q4/bin/../lib/gcc/arm-none-eabi/4.8.3/armv6-m\libgcc.a(divsf3.o) (__clzsi2)
c:/siliconlabs/simplicitystudio/v3/developer/toolchains/gnu_arm/4.8_2013q4/bin/../lib/gcc/arm-none-eabi/4.8.3/../../../../arm-none-eabi/lib/armv6-m\libc_s.a(lib_a-abs.o)
                              ./src/main.o (abs)
c:/siliconlabs/simplicitystudio/v3/developer/toolchains/gnu_arm/4.8_2013q4/bin/../lib/gcc/arm-none-eabi/4.8.3/../../../../arm-none-eabi/lib/armv6-m\libc_s.a(lib_a-exit.o)
                              c:/siliconlabs/simplicitystudio/v3/developer/toolchains/gnu_arm/4.8_2013q4/bin/../lib/gcc/arm-none-eabi/4.8.3/../../../../arm-none-eabi/lib/armv6-m/crt0.o (exit)
c:/siliconlabs/simplicitystudio/v3/developer/toolchains/gnu_arm/4.8_2013q4/bin/../lib/gcc/arm-none-eabi/4.8.3/../../../../arm-none-eabi/lib/armv6-m\libc_s.a(lib_a-impure.o)
                              c:/siliconlabs/simplicitystudio/v3/developer/toolchains/gnu_arm/4.8_2013q4/bin/../lib/gcc/arm-none-eabi/4.8.3/../../../../arm-none-eabi/lib/armv6-m\libc_s.a(lib_a-exit.o) (_global_impure_ptr)
c:/siliconlabs/simplicitystudio/v3/developer/toolchains/gnu_arm/4.8_2013q4/bin/../lib/gcc/arm-none-eabi/4.8.3/../../../../arm-none-eabi/lib/armv6-m\libc_s.a(lib_a-init.o)
                              c:/siliconlabs/simplicitystudio/v3/developer/toolchains/gnu_arm/4.8_2013q4/bin/../lib/gcc/arm-none-eabi/4.8.3/../../../../arm-none-eabi/lib/armv6-m/crt0.o (__libc_init_array)
c:/siliconlabs/simplicitystudio/v3/developer/toolchains/gnu_arm/4.8_2013q4/bin/../lib/gcc/arm-none-eabi/4.8.3/../../../../arm-none-eabi/lib/armv6-m\libc_s.a(lib_a-memcpy-stub.o)
                              ./src/main.o (memcpy)
c:/siliconlabs/simplicitystudio/v3/developer/toolchains/gnu_arm/4.8_2013q4/bin/../lib/gcc/arm-none-eabi/4.8.3/../../../../arm-none-eabi/lib/armv6-m\libc_s.a(lib_a-memset.o)
                              c:/siliconlabs/simplicitystudio/v3/developer/toolchains/gnu_arm/4.8_2013q4/bin/../lib/gcc/arm-none-eabi/4.8.3/../../../../arm-none-eabi/lib/armv6-m/crt0.o (memset)
c:/siliconlabs/simplicitystudio/v3/developer/toolchains/gnu_arm/4.8_2013q4/bin/../lib/gcc/arm-none-eabi/4.8.3/../../../../arm-none-eabi/lib/armv6-m\libc_s.a(lib_a-snprintf.o)
                              ./src/main.o (sniprintf)
c:/siliconlabs/simplicitystudio/v3/developer/toolchains/gnu_arm/4.8_2013q4/bin/../lib/gcc/arm-none-eabi/4.8.3/../../../../arm-none-eabi/lib/armv6-m\libc_s.a(lib_a-strlen.o)
                              ./src/main.o (strlen)
c:/siliconlabs/simplicitystudio/v3/developer/toolchains/gnu_arm/4.8_2013q4/bin/../lib/gcc/arm-none-eabi/4.8.3/../../../../arm-none-eabi/lib/armv6-m\libc_s.a(lib_a-svfprintf.o)
[...]
Memory Configuration

Name             Origin             Length             Attributes
FLASH            0x00000000         0x00008000         xr
RAM              0x20000000         0x00001000         xrw
*default*        0x00000000         0xffffffff

Linker script and memory map

LOAD c:/siliconlabs/simplicitystudio/v3/developer/toolchains/gnu_arm/4.8_2013q4/bin/../lib/gcc/arm-none-eabi/4.8.3/armv6-m/crti.o
LOAD c:/siliconlabs/simplicitystudio/v3/developer/toolchains/gnu_arm/4.8_2013q4/bin/../lib/gcc/arm-none-eabi/4.8.3/armv6-m/crtbegin.o
LOAD c:/siliconlabs/simplicitystudio/v3/developer/toolchains/gnu_arm/4.8_2013q4/bin/../lib/gcc/arm-none-eabi/4.8.3/../../../../arm-none-eabi/lib/armv6-m/crt0.o
LOAD ./src/main.o
LOAD ./emlib/em_acmp.o
LOAD ./emlib/em_adc.o
LOAD ./emlib/em_assert.o
LOAD ./emlib/em_cmu.o
LOAD ./emlib/em_emu.o
LOAD ./emlib/em_gpio.o
LOAD ./emlib/em_i2c.o
LOAD ./emlib/em_int.o
LOAD ./emlib/em_pcnt.o
LOAD ./emlib/em_prs.o
LOAD ./emlib/em_rtc.o
LOAD ./emlib/em_system.o
LOAD ./emlib/em_usart.o
LOAD ./Graphics/dmd_display.o
LOAD ./Graphics/glib.o
LOAD ./Graphics/glib_bitmap.o
LOAD ./Graphics/glib_circle.o
LOAD ./Graphics/glib_font_narrow_6x8.o
LOAD ./Graphics/glib_font_normal_8x8.o
LOAD ./Graphics/glib_font_number_16x20.o
LOAD ./Graphics/glib_line.o
LOAD ./Graphics/glib_polygon.o
LOAD ./Graphics/glib_rectangle.o
LOAD ./Graphics/glib_string.o
LOAD ./Drivers/capsense.o
LOAD ./Drivers/display.o
LOAD ./Drivers/displayls013b7dh03.o
LOAD ./Drivers/displaypalemlib.o
LOAD ./Drivers/i2cspm.o
LOAD ./Drivers/si114x_algorithm.o
LOAD ./Drivers/si114x_functions.o
LOAD ./Drivers/si7013.o
LOAD ./Drivers/udelay.o
LOAD ./CMSIS/efm32zg/startup_efm32zg.o
LOAD ./CMSIS/efm32zg/system_efm32zg.o
LOAD ./BSP/bsp_stk_leds.o
LOAD c:/siliconlabs/simplicitystudio/v3/developer/toolchains/gnu_arm/4.8_2013q4/bin/../lib/gcc/arm-none-eabi/4.8.3/../../../../arm-none-eabi/lib/armv6-m\libm.a
START GROUP
LOAD c:/siliconlabs/simplicitystudio/v3/developer/toolchains/gnu_arm/4.8_2013q4/bin/../lib/gcc/arm-none-eabi/4.8.3/armv6-m\libgcc.a
LOAD c:/siliconlabs/simplicitystudio/v3/developer/toolchains/gnu_arm/4.8_2013q4/bin/../lib/gcc/arm-none-eabi/4.8.3/../../../../arm-none-eabi/lib/armv6-m\libc_s.a
LOAD c:/siliconlabs/simplicitystudio/v3/developer/toolchains/gnu_arm/4.8_2013q4/bin/../lib/gcc/arm-none-eabi/4.8.3/../../../../arm-none-eabi/lib/armv6-m\libnosys.a
END GROUP
START GROUP
LOAD c:/siliconlabs/simplicitystudio/v3/developer/toolchains/gnu_arm/4.8_2013q4/bin/../lib/gcc/arm-none-eabi/4.8.3/armv6-m\libgcc.a
LOAD c:/siliconlabs/simplicitystudio/v3/developer/toolchains/gnu_arm/4.8_2013q4/bin/../lib/gcc/arm-none-eabi/4.8.3/../../../../arm-none-eabi/lib/armv6-m\libg_s.a
LOAD c:/siliconlabs/simplicitystudio/v3/developer/toolchains/gnu_arm/4.8_2013q4/bin/../lib/gcc/arm-none-eabi/4.8.3/../../../../arm-none-eabi/lib/armv6-m\libc_s.a
END GROUP
START GROUP
LOAD c:/siliconlabs/simplicitystudio/v3/developer/toolchains/gnu_arm/4.8_2013q4/bin/../lib/gcc/arm-none-eabi/4.8.3/armv6-m\libgcc.a
LOAD c:/siliconlabs/simplicitystudio/v3/developer/toolchains/gnu_arm/4.8_2013q4/bin/../lib/gcc/arm-none-eabi/4.8.3/../../../../arm-none-eabi/lib/armv6-m\libc_s.a
END GROUP
LOAD c:/siliconlabs/simplicitystudio/v3/developer/toolchains/gnu_arm/4.8_2013q4/bin/../lib/gcc/arm-none-eabi/4.8.3/armv6-m/crtend.o
LOAD c:/siliconlabs/simplicitystudio/v3/developer/toolchains/gnu_arm/4.8_2013q4/bin/../lib/gcc/arm-none-eabi/4.8.3/armv6-m/crtn.o

.text           0x00000000     0x4534
 *(.isr_vector)
 .isr_vector    0x00000000      0x100 ./CMSIS/efm32zg/startup_efm32zg.o
                0x00000000                __isr_vector
 *(.text*)
 .text          0x00000100       0x60 c:/siliconlabs/simplicitystudio/v3/developer/toolchains/gnu_arm/4.8_2013q4/bin/../lib/gcc/arm-none-eabi/4.8.3/armv6-m/crtbegin.o
 .text          0x00000160       0x78 c:/siliconlabs/simplicitystudio/v3/developer/toolchains/gnu_arm/4.8_2013q4/bin/../lib/gcc/arm-none-eabi/4.8.3/../../../../arm-none-eabi/lib/armv6-m/crt0.o
                0x00000160                _start
                0x00000160                _mainCRTStartup
 .text.GPIO_Unified_IRQ
                0x000001d8       0x30 ./src/main.o
                0x000001d8                GPIO_Unified_IRQ
 .text.GPIO_EVEN_IRQHandler
                0x00000208        0x8 ./src/main.o
                0x00000208                GPIO_EVEN_IRQHandler
 .text.GPIO_ODD_IRQHandler
                0x00000210        0x8 ./src/main.o
                0x00000210                GPIO_ODD_IRQHandler
 .text.PcntInit
                0x00000218       0x60 ./src/main.o
                0x00000218                PcntInit
 .text.PCNT0_IRQHandler
                0x00000278       0xe0 ./src/main.o
                0x00000278                PCNT0_IRQHandler
 .text.drawGraph
                0x00000358       0xc0 ./src/main.o
                0x00000358                drawGraph
 .text.manageLedOutput
                0x00000418       0x48 ./src/main.o
                0x00000418                manageLedOutput
 .text.manageTouchControlls
                0x00000460       0x50 ./src/main.o
                0x00000460                manageTouchControlls
 .text.startup.main
                0x000004b0      0x21c ./src/main.o
                0x000004b0                main
 .text.ACMP_CapsenseInit
                0x000006cc       0x48 ./emlib/em_acmp.o
                0x000006cc                ACMP_CapsenseInit
 .text.ACMP_CapsenseChannelSet
                0x00000714        0xe ./emlib/em_acmp.o
                0x00000714                ACMP_CapsenseChannelSet
 .text.ACMP_Disable
                0x00000722        0xa ./emlib/em_acmp.o
                0x00000722                ACMP_Disable
 .text.ACMP_Enable
                0x0000072c        0xa ./emlib/em_acmp.o
                0x0000072c                ACMP_Enable
 .text.ADC_Init
                0x00000736       0x3a ./emlib/em_adc.o
                0x00000736                ADC_Init
 .text.ADC_InitSingle
                0x00000770       0xd8 ./emlib/em_adc.o
                0x00000770                ADC_InitSingle
 .text.ADC_PrescaleCalc
                0x00000848       0x48 ./emlib/em_adc.o
                0x00000848                ADC_PrescaleCalc
 .text.ADC_TimebaseCalc
                0x00000890       0x30 ./emlib/em_adc.o
                0x00000890                ADC_TimebaseCalc
 .text.CMU_FlashWaitStateControl
                0x000008c0       0x40 ./emlib/em_cmu.o
 .text.CMU_AUXClkGet
                0x00000900       0x5c ./emlib/em_cmu.o
 .text.CMU_Sync
                0x0000095c       0x14 ./emlib/em_cmu.o
 .text.CMU_LFClkGet
                0x00000970       0x48 ./emlib/em_cmu.o
 .text.CMU_ClockDivGet
                0x000009b8       0x5c ./emlib/em_cmu.o
                0x000009b8                CMU_ClockDivGet
 .text.CMU_ClockDivSet
                0x00000a14       0xd8 ./emlib/em_cmu.o
                0x00000a14                CMU_ClockDivSet
 .text.CMU_ClockEnable
                0x00000aec       0x74 ./emlib/em_cmu.o
                0x00000aec                CMU_ClockEnable
 .text.CMU_ClockSelectGet
                0x00000b60       0x9c ./emlib/em_cmu.o
                0x00000b60                CMU_ClockSelectGet
 .text.CMU_ClockFreqGet
                0x00000bfc       0xbc ./emlib/em_cmu.o
                0x00000bfc                CMU_ClockFreqGet
 .text.CMU_OscillatorEnable
                0x00000cb8       0x50 ./emlib/em_cmu.o
                0x00000cb8                CMU_OscillatorEnable
 .text.CMU_ClockSelectSet
                0x00000d08       0xe4 ./emlib/em_cmu.o
                0x00000d08                CMU_ClockSelectSet
 .text.CMU_PCNTClockExternalSet
                0x00000dec       0x20 ./emlib/em_cmu.o
                0x00000dec                CMU_PCNTClockExternalSet
 .text.EMU_UpdateOscConfig
                0x00000e0c       0x14 ./emlib/em_emu.o
                0x00000e0c                EMU_UpdateOscConfig
 .text.GPIO_IntConfig
                0x00000e20       0x88 ./emlib/em_gpio.o
                0x00000e20                GPIO_IntConfig
 .text.GPIO_PinModeSet
                0x00000ea8       0x8c ./emlib/em_gpio.o
                0x00000ea8                GPIO_PinModeSet
 .text.I2C_BusFreqSet
                0x00000f34       0x54 ./emlib/em_i2c.o
                0x00000f34                I2C_BusFreqSet
 .text.I2C_Init
                0x00000f88       0x3c ./emlib/em_i2c.o
                0x00000f88                I2C_Init
 .text.I2C_Transfer
                0x00000fc4      0x230 ./emlib/em_i2c.o
                0x00000fc4                I2C_Transfer
 .text.I2C_TransferInit
                0x000011f4       0x6c ./emlib/em_i2c.o
                0x000011f4                I2C_TransferInit
 .text.PCNT_Sync
                0x00001260        0xe ./emlib/em_pcnt.o
 .text.PCNT_CounterTopSet
                0x0000126e       0x72 ./emlib/em_pcnt.o
                0x0000126e                PCNT_CounterTopSet
 .text.PCNT_PRSInputEnable
                0x000012e0       0x28 ./emlib/em_pcnt.o
                0x000012e0                PCNT_PRSInputEnable
 .text.PCNT_Init
                0x00001308       0xf4 ./emlib/em_pcnt.o
                0x00001308                PCNT_Init
 .text.PRS_SourceAsyncSignalSet
                0x000013fc       0x20 ./emlib/em_prs.o
                0x000013fc                PRS_SourceAsyncSignalSet
 .text.RTC_CompareSet
                0x0000141c       0x1c ./emlib/em_rtc.o
                0x0000141c                RTC_CompareSet
 .text.RTC_Enable
                0x00001438       0x14 ./emlib/em_rtc.o
                0x00001438                RTC_Enable
 .text.RTC_FreezeEnable
                0x0000144c       0x14 ./emlib/em_rtc.o
                0x0000144c                RTC_FreezeEnable
 .text.RTC_Init
                0x00001460       0x20 ./emlib/em_rtc.o
                0x00001460                RTC_Init
 .text.USART_BaudrateSyncSet
                0x00001480       0x30 ./emlib/em_usart.o
                0x00001480                USART_BaudrateSyncSet
 .text.USART_Reset
                0x000014b0       0x3c ./emlib/em_usart.o
                0x000014b0                USART_Reset
 .text.USART_InitSync
                0x000014ec       0x5c ./emlib/em_usart.o
                0x000014ec                USART_InitSync
 .text.USART_Tx
                0x00001548        0xa ./emlib/em_usart.o
                0x00001548                USART_Tx
 .text.USART_TxDouble
                0x00001552        0xa ./emlib/em_usart.o
                0x00001552                USART_TxDouble
 .text.DMD_getDisplayGeometry
                0x0000155c       0x1c ./Graphics/dmd_display.o
                0x0000155c                DMD_getDisplayGeometry
 .text.DMD_setClippingArea
                0x00001578       0x40 ./Graphics/dmd_display.o
                0x00001578                DMD_setClippingArea
 .text.DMD_writeColor
                0x000015b8      0x15c ./Graphics/dmd_display.o
                0x000015b8                DMD_writeColor
 .text.DMD_allocateFramebuffer
                0x00001714       0x38 ./Graphics/dmd_display.o
                0x00001714                DMD_allocateFramebuffer
 .text.DMD_init
                0x0000174c       0x78 ./Graphics/dmd_display.o
                0x0000174c                DMD_init
 .text.DMD_updateDisplay
                0x000017c4       0xa0 ./Graphics/dmd_display.o
                0x000017c4                DMD_updateDisplay
 .text.GLIB_setClippingRegion
                0x00001864       0x6c ./Graphics/glib.o
                0x00001864                GLIB_setClippingRegion
 .text.GLIB_contextInit
                0x000018d0       0x54 ./Graphics/glib.o
                0x000018d0                GLIB_contextInit
 .text.GLIB_resetDisplayClippingArea
                0x00001924       0x1a ./Graphics/glib.o
                0x00001924                GLIB_resetDisplayClippingArea
 .text.GLIB_clear
                0x0000193e       0x34 ./Graphics/glib.o
                0x0000193e                GLIB_clear
 .text.GLIB_colorTranslate24bpp
                0x00001972        0xe ./Graphics/glib.o
                0x00001972                GLIB_colorTranslate24bpp
 .text.GLIB_drawPixel
                0x00001980       0x38 ./Graphics/glib.o
                0x00001980                GLIB_drawPixel
 .text.GLIB_drawPixelColor
                0x000019b8       0x36 ./Graphics/glib.o
                0x000019b8                GLIB_drawPixelColor
 .text.GLIB_drawPartialCirclePoints
                0x000019ee       0x72 ./Graphics/glib_circle.o
 .text.GLIB_drawPartialCircle
                0x00001a60       0x78 ./Graphics/glib_circle.o
                0x00001a60                GLIB_drawPartialCircle
 .text.GLIB_drawCircle
                0x00001ad8        0xc ./Graphics/glib_circle.o
                0x00001ad8                GLIB_drawCircle
 .text.GLIB_drawCircleFilled
                0x00001ae4       0xd0 ./Graphics/glib_circle.o
                0x00001ae4                GLIB_drawCircleFilled
 .text.GLIB_getClipCode
                0x00001bb4       0x30 ./Graphics/glib_line.o
 .text.GLIB_drawLineH
                0x00001be4       0x78 ./Graphics/glib_line.o
                0x00001be4                GLIB_drawLineH
 .text.GLIB_drawLineV
                0x00001c5c       0xa4 ./Graphics/glib_line.o
                0x00001c5c                GLIB_drawLineV
 .text.GLIB_drawLine
                0x00001d00      0x18a ./Graphics/glib_line.o
                0x00001d00                GLIB_drawLine
 .text.GLIB_rectContainsPoint
                0x00001e8a       0x2a ./Graphics/glib_rectangle.o
                0x00001e8a                GLIB_rectContainsPoint
 .text.GLIB_normalizeRect
                0x00001eb4       0x1a ./Graphics/glib_rectangle.o
                0x00001eb4                GLIB_normalizeRect
 .text.GLIB_drawRect
                0x00001ece       0x7c ./Graphics/glib_rectangle.o
                0x00001ece                GLIB_drawRect
 .text.GLIB_drawRectFilled
                0x00001f4a       0xa0 ./Graphics/glib_rectangle.o
                0x00001f4a                GLIB_drawRectFilled
 .text.GLIB_drawChar
                0x00001fea      0x128 ./Graphics/glib_string.o
                0x00001fea                GLIB_drawChar
 .text.GLIB_drawString
                0x00002112       0x82 ./Graphics/glib_string.o
                0x00002112                GLIB_drawString
 .text.GLIB_setFont
                0x00002194       0x20 ./Graphics/glib_string.o
                0x00002194                GLIB_setFont
 .text.TIMER0_IRQHandler
                0x000021b4       0x4c ./Drivers/capsense.o
                0x000021b4                TIMER0_IRQHandler
 .text.CAPSENSE_getPressed
                0x00002200       0x20 ./Drivers/capsense.o
                0x00002200                CAPSENSE_getPressed
 .text.CAPSENSE_Sense
                0x00002220       0x7c ./Drivers/capsense.o
                0x00002220                CAPSENSE_Sense
 .text.CAPSENSE_Init
                0x0000229c       0x8c ./Drivers/capsense.o
                0x0000229c                CAPSENSE_Init
 .text.DISPLAY_Init
                0x00002328       0x2c ./Drivers/display.o
                0x00002328                DISPLAY_Init
 .text.DISPLAY_DeviceGet
                0x00002354       0x3c ./Drivers/display.o
                0x00002354                DISPLAY_DeviceGet
 .text.DISPLAY_DeviceRegister
                0x00002390       0x44 ./Drivers/display.o
                0x00002390                DISPLAY_DeviceRegister
 .text.PixelMatrixAllocate
                0x000023d4       0x3c ./Drivers/displayls013b7dh03.o
 .text.PixelMatrixFree
                0x00002410        0x8 ./Drivers/displayls013b7dh03.o
 .text.DriverRefresh
                0x00002418        0xe ./Drivers/displayls013b7dh03.o
 .text.PixelMatrixClear
                0x00002426       0x20 ./Drivers/displayls013b7dh03.o
 .text.PixelMatrixDraw
                0x00002446       0x76 ./Drivers/displayls013b7dh03.o
 .text.DisplayEnable.part.0
                0x000024bc       0x14 ./Drivers/displayls013b7dh03.o
 .text.DisplayEnable
                0x000024d0       0x20 ./Drivers/displayls013b7dh03.o
 .text.DISPLAY_Ls013b7dh03Init
                0x000024f0       0xf8 ./Drivers/displayls013b7dh03.o
                0x000024f0                DISPLAY_Ls013b7dh03Init
 .text.PAL_SpiInit
                0x000025e8       0x44 ./Drivers/displaypalemlib.o
                0x000025e8                PAL_SpiInit
 .text.PAL_SpiTransmit
                0x0000262c       0x40 ./Drivers/displaypalemlib.o
                0x0000262c                PAL_SpiTransmit
 .text.PAL_TimerInit
                0x0000266c        0xa ./Drivers/displaypalemlib.o
                0x0000266c                PAL_TimerInit
 .text.PAL_TimerMicroSecondsDelay
                0x00002676        0xa ./Drivers/displaypalemlib.o
                0x00002676                PAL_TimerMicroSecondsDelay
 .text.PAL_GpioInit
                0x00002680       0x14 ./Drivers/displaypalemlib.o
                0x00002680                PAL_GpioInit
 .text.PAL_GpioPinModeSet
                0x00002694       0x1c ./Drivers/displaypalemlib.o
                0x00002694                PAL_GpioPinModeSet
 .text.PAL_GpioPinOutSet
                0x000026b0       0x1c ./Drivers/displaypalemlib.o
                0x000026b0                PAL_GpioPinOutSet
 .text.PAL_GpioPinOutClear
                0x000026cc       0x1c ./Drivers/displaypalemlib.o
                0x000026cc                PAL_GpioPinOutClear
 .text.PAL_GpioPinAutoToggle
                0x000026e8       0xd4 ./Drivers/displaypalemlib.o
                0x000026e8                PAL_GpioPinAutoToggle
 .text.I2CSPM_Init
                0x000027bc       0x90 ./Drivers/i2cspm.o
                0x000027bc                I2CSPM_Init
 .text.I2CSPM_Transfer
                0x0000284c       0x24 ./Drivers/i2cspm.o
                0x0000284c                I2CSPM_Transfer
 .text.Si7013_Measure
                0x00002870       0x44 ./Drivers/si7013.o
 .text.Si7013_MeasureRHAndTemp
                0x000028b4       0x5c ./Drivers/si7013.o
                0x000028b4                Si7013_MeasureRHAndTemp
 .text.Si7013_Detect
                0x00002910       0x44 ./Drivers/si7013.o
                0x00002910                Si7013_Detect
 .text.UDELAY_Calibrate
                0x00002954      0x1c0 ./Drivers/udelay.o
                0x00002954                UDELAY_Calibrate
 .text.UDELAY_Delay
                0x00002b14       0x28 ./Drivers/udelay.o
                0x00002b14                UDELAY_Delay
 .text          0x00002b3c       0x60 ./CMSIS/efm32zg/startup_efm32zg.o
                0x00002b3c                Reset_Handler
                0x00002b6c                Default_Handler
                0x00002b6e                NMI_Handler
                0x00002b70                HardFault_Handler
                0x00002b72                SVC_Handler
                0x00002b74                PendSV_Handler
                0x00002b76                SysTick_Handler
                0x00002b78                DMA_IRQHandler
                0x00002b7e                ACMP0_IRQHandler
                0x00002b80                ADC0_IRQHandler
                0x00002b82                I2C0_IRQHandler
                0x00002b86                TIMER1_IRQHandler
                0x00002b88                USART1_RX_IRQHandler
                0x00002b8a                USART1_TX_IRQHandler
                0x00002b8c                LEUART0_IRQHandler
                0x00002b90                RTC_IRQHandler
                0x00002b92                CMU_IRQHandler
                0x00002b94                VCMP_IRQHandler
                0x00002b96                MSC_IRQHandler
                0x00002b98                AES_IRQHandler
 .text.SystemHFClockGet
                0x00002b9c       0x98 ./CMSIS/efm32zg/system_efm32zg.o
                0x00002b9c                SystemHFClockGet
 .text.SystemCoreClockGet
                0x00002c34       0x20 ./CMSIS/efm32zg/system_efm32zg.o
                0x00002c34                SystemCoreClockGet
 .text.SystemInit
                0x00002c54        0x2 ./CMSIS/efm32zg/system_efm32zg.o
                0x00002c54                SystemInit
 .text.SystemLFRCOClockGet
                0x00002c56        0x6 ./CMSIS/efm32zg/system_efm32zg.o
                0x00002c56                SystemLFRCOClockGet
 .text.SystemULFRCOClockGet
                0x00002c5c        0x6 ./CMSIS/efm32zg/system_efm32zg.o
                0x00002c5c                SystemULFRCOClockGet
 *fill*         0x00002c62        0x2 
 .text.SystemLFXOClockGet
                0x00002c64        0xc ./CMSIS/efm32zg/system_efm32zg.o
                0x00002c64                SystemLFXOClockGet
 .text.BSP_LedsInit
                0x00002c70       0x38 ./BSP/bsp_stk_leds.o
                0x00002c70                BSP_LedsInit
 .text.BSP_LedClear
                0x00002ca8       0x30 ./BSP/bsp_stk_leds.o
                0x00002ca8                BSP_LedClear
 .text.BSP_LedSet
                0x00002cd8       0x30 ./BSP/bsp_stk_leds.o
                0x00002cd8                BSP_LedSet
 .text          0x00002d08       0x14 c:/siliconlabs/simplicitystudio/v3/developer/toolchains/gnu_arm/4.8_2013q4/bin/../lib/gcc/arm-none-eabi/4.8.3/armv6-m\libgcc.a(_thumb1_case_uqi.o)
                0x00002d08                __gnu_thumb1_case_uqi
 .text          0x00002d1c       0x9c c:/siliconlabs/simplicitystudio/v3/developer/toolchains/gnu_arm/4.8_2013q4/bin/../lib/gcc/arm-none-eabi/4.8.3/armv6-m\libgcc.a(_udivsi3.o)
                0x00002d1c                __aeabi_uidiv
                0x00002d1c                __udivsi3
                0x00002da4                __aeabi_uidivmod
 .text          0x00002db8       0xc0 c:/siliconlabs/simplicitystudio/v3/developer/toolchains/gnu_arm/4.8_2013q4/bin/../lib/gcc/arm-none-eabi/4.8.3/armv6-m\libgcc.a(_divsi3.o)
                0x00002db8                __divsi3
                0x00002db8                __aeabi_idiv
                0x00002e64                __aeabi_idivmod
 .text          0x00002e78        0x4 c:/siliconlabs/simplicitystudio/v3/developer/toolchains/gnu_arm/4.8_2013q4/bin/../lib/gcc/arm-none-eabi/4.8.3/armv6-m\libgcc.a(_dvmd_tls.o)
                0x00002e78                __aeabi_idiv0
                0x00002e78                __aeabi_ldiv0
 .text          0x00002e7c      0x24c c:/siliconlabs/simplicitystudio/v3/developer/toolchains/gnu_arm/4.8_2013q4/bin/../lib/gcc/arm-none-eabi/4.8.3/armv6-m\libgcc.a(divsf3.o)
                0x00002e7c                __aeabi_fdiv
 .text          0x000030c8      0x258 c:/siliconlabs/simplicitystudio/v3/developer/toolchains/gnu_arm/4.8_2013q4/bin/../lib/gcc/arm-none-eabi/4.8.3/armv6-m\libgcc.a(mulsf3.o)
                0x000030c8                __aeabi_fmul
 .text          0x00003320      0x2ec c:/siliconlabs/simplicitystudio/v3/developer/toolchains/gnu_arm/4.8_2013q4/bin/../lib/gcc/arm-none-eabi/4.8.3/armv6-m\libgcc.a(subsf3.o)
                0x00003320                __aeabi_fsub
 .text          0x0000360c       0x40 c:/siliconlabs/simplicitystudio/v3/developer/toolchains/gnu_arm/4.8_2013q4/bin/../lib/gcc/arm-none-eabi/4.8.3/armv6-m\libgcc.a(fixsfsi.o)
                0x0000360c                __aeabi_f2iz
 .text          0x0000364c       0xb8 c:/siliconlabs/simplicitystudio/v3/developer/toolchains/gnu_arm/4.8_2013q4/bin/../lib/gcc/arm-none-eabi/4.8.3/armv6-m\libgcc.a(floatsisf.o)
                0x0000364c                __aeabi_i2f
 .text          0x00003704       0x3c c:/siliconlabs/simplicitystudio/v3/developer/toolchains/gnu_arm/4.8_2013q4/bin/../lib/gcc/arm-none-eabi/4.8.3/armv6-m\libgcc.a(_clzsi2.o)
                0x00003704                __clzsi2
 .text.abs      0x00003740        0x8 c:/siliconlabs/simplicitystudio/v3/developer/toolchains/gnu_arm/4.8_2013q4/bin/../lib/gcc/arm-none-eabi/4.8.3/../../../../arm-none-eabi/lib/armv6-m\libc_s.a(lib_a-abs.o)
                0x00003740                abs
 .text.exit     0x00003748       0x2c c:/siliconlabs/simplicitystudio/v3/developer/toolchains/gnu_arm/4.8_2013q4/bin/../lib/gcc/arm-none-eabi/4.8.3/../../../../arm-none-eabi/lib/armv6-m\libc_s.a(lib_a-exit.o)
                0x00003748                exit
 .text.__libc_init_array
                0x00003774       0x4c c:/siliconlabs/simplicitystudio/v3/developer/toolchains/gnu_arm/4.8_2013q4/bin/../lib/gcc/arm-none-eabi/4.8.3/../../../../arm-none-eabi/lib/armv6-m\libc_s.a(lib_a-init.o)
                0x00003774                __libc_init_array
 .text.memcpy   0x000037c0       0x12 c:/siliconlabs/simplicitystudio/v3/developer/toolchains/gnu_arm/4.8_2013q4/bin/../lib/gcc/arm-none-eabi/4.8.3/../../../../arm-none-eabi/lib/armv6-m\libc_s.a(lib_a-memcpy-stub.o)
                0x000037c0                memcpy
 .text.memset   0x000037d2       0x10 c:/siliconlabs/simplicitystudio/v3/developer/toolchains/gnu_arm/4.8_2013q4/bin/../lib/gcc/arm-none-eabi/4.8.3/../../../../arm-none-eabi/lib/armv6-m\libc_s.a(lib_a-memset.o)
                0x000037d2                memset
 *fill*         0x000037e2        0x2 
 .text.snprintf
                0x000037e4       0x64 c:/siliconlabs/simplicitystudio/v3/developer/toolchains/gnu_arm/4.8_2013q4/bin/../lib/gcc/arm-none-eabi/4.8.3/../../../../arm-none-eabi/lib/armv6-m\libc_s.a(lib_a-snprintf.o)
                0x000037e4                sniprintf
                0x000037e4                snprintf
 .text.strlen   0x00003848        0xe c:/siliconlabs/simplicitystudio/v3/developer/toolchains/gnu_arm/4.8_2013q4/bin/../lib/gcc/arm-none-eabi/4.8.3/../../../../arm-none-eabi/lib/armv6-m\libc_s.a(lib_a-strlen.o)
                0x00003848                strlen
 *fill*         0x00003856        0x2 
 .text.__ssputs_r
                0x00003858       0xc0 c:/siliconlabs/simplicitystudio/v3/developer/toolchains/gnu_arm/4.8_2013q4/bin/../lib/gcc/arm-none-eabi/4.8.3/../../../../arm-none-eabi/lib/armv6-m\libc_s.a(lib_a-svfprintf.o)
                0x00003858                __ssputs_r
 .text._svfprintf_r
                0x00003918      0x1e0 c:/siliconlabs/simplicitystudio/v3/developer/toolchains/gnu_arm/4.8_2013q4/bin/../lib/gcc/arm-none-eabi/4.8.3/../../../../arm-none-eabi/lib/armv6-m\libc_s.a(lib_a-svfprintf.o)
                0x00003918                _svfiprintf_r
                0x00003918                _svfprintf_r
 .text._printf_common
                0x00003af8       0xe8 c:/siliconlabs/simplicitystudio/v3/developer/toolchains/gnu_arm/4.8_2013q4/bin/../lib/gcc/arm-none-eabi/4.8.3/../../../../arm-none-eabi/lib/armv6-m\libc_s.a(lib_a-vfprintf_i.o)
                0x00003af8                _printf_common
 .text._printf_i
                0x00003be0      0x22c c:/siliconlabs/simplicitystudio/v3/developer/toolchains/gnu_arm/4.8_2013q4/bin/../lib/gcc/arm-none-eabi/4.8.3/../../../../arm-none-eabi/lib/armv6-m\libc_s.a(lib_a-vfprintf_i.o)
                0x00003be0                _printf_i
 .text.memchr   0x00003e0c       0x16 c:/siliconlabs/simplicitystudio/v3/developer/toolchains/gnu_arm/4.8_2013q4/bin/../lib/gcc/arm-none-eabi/4.8.3/../../../../arm-none-eabi/lib/armv6-m\libc_s.a(lib_a-memchr-stub.o)
                0x00003e0c                memchr
 .text.memmove  0x00003e22       0x32 c:/siliconlabs/simplicitystudio/v3/developer/toolchains/gnu_arm/4.8_2013q4/bin/../lib/gcc/arm-none-eabi/4.8.3/../../../../arm-none-eabi/lib/armv6-m\libc_s.a(lib_a-memmove.o)
                0x00003e22                memmove
 .text._free_r  0x00003e54       0x90 c:/siliconlabs/simplicitystudio/v3/developer/toolchains/gnu_arm/4.8_2013q4/bin/../lib/gcc/arm-none-eabi/4.8.3/../../../../arm-none-eabi/lib/armv6-m\libc_s.a(lib_a-nano-freer.o)
                0x00003e54                _free_r
 .text._malloc_r
                0x00003ee4       0xa8 c:/siliconlabs/simplicitystudio/v3/developer/toolchains/gnu_arm/4.8_2013q4/bin/../lib/gcc/arm-none-eabi/4.8.3/../../../../arm-none-eabi/lib/armv6-m\libc_s.a(lib_a-nano-mallocr.o)
                0x00003ee4                _malloc_r
 .text._realloc_r
                0x00003f8c       0x4c c:/siliconlabs/simplicitystudio/v3/developer/toolchains/gnu_arm/4.8_2013q4/bin/../lib/gcc/arm-none-eabi/4.8.3/../../../../arm-none-eabi/lib/armv6-m\libc_s.a(lib_a-nano-reallocr.o)
                0x00003f8c                _realloc_r
 .text._sbrk_r  0x00003fd8       0x24 c:/siliconlabs/simplicitystudio/v3/developer/toolchains/gnu_arm/4.8_2013q4/bin/../lib/gcc/arm-none-eabi/4.8.3/../../../../arm-none-eabi/lib/armv6-m\libc_s.a(lib_a-sbrkr.o)
                0x00003fd8                _sbrk_r
 .text._malloc_usable_size_r
                0x00003ffc       0x12 c:/siliconlabs/simplicitystudio/v3/developer/toolchains/gnu_arm/4.8_2013q4/bin/../lib/gcc/arm-none-eabi/4.8.3/../../../../arm-none-eabi/lib/armv6-m\libc_s.a(lib_a-nano-msizer.o)
                0x00003ffc                _malloc_usable_size_r
 *fill*         0x0000400e        0x2 
 .text._sbrk    0x00004010       0x34 c:/siliconlabs/simplicitystudio/v3/developer/toolchains/gnu_arm/4.8_2013q4/bin/../lib/gcc/arm-none-eabi/4.8.3/../../../../arm-none-eabi/lib/armv6-m\libnosys.a(sbrk.o)
                0x00004010                _sbrk
 .text._exit    0x00004044        0x4 c:/siliconlabs/simplicitystudio/v3/developer/toolchains/gnu_arm/4.8_2013q4/bin/../lib/gcc/arm-none-eabi/4.8.3/../../../../arm-none-eabi/lib/armv6-m\libnosys.a(_exit.o)
                0x00004044                _exit
 *(.init)
 .init          0x00004048        0x4 c:/siliconlabs/simplicitystudio/v3/developer/toolchains/gnu_arm/4.8_2013q4/bin/../lib/gcc/arm-none-eabi/4.8.3/armv6-m/crti.o
                0x00004048                _init
 .init          0x0000404c        0x8 c:/siliconlabs/simplicitystudio/v3/developer/toolchains/gnu_arm/4.8_2013q4/bin/../lib/gcc/arm-none-eabi/4.8.3/armv6-m/crtn.o
 *(.fini)
 .fini          0x00004054        0x4 c:/siliconlabs/simplicitystudio/v3/developer/toolchains/gnu_arm/4.8_2013q4/bin/../lib/gcc/arm-none-eabi/4.8.3/armv6-m/crti.o
                0x00004054                _fini
 .fini          0x00004058        0x8 c:/siliconlabs/simplicitystudio/v3/developer/toolchains/gnu_arm/4.8_2013q4/bin/../lib/gcc/arm-none-eabi/4.8.3/armv6-m/crtn.o
 *crtbegin.o(.ctors)
 *crtbegin?.o(.ctors)
 *(EXCLUDE_FILE(*crtend.o *crtend?.o) .ctors)
 *(SORT(.ctors.*))
 *(.ctors)
 *crtbegin.o(.dtors)
 *crtbegin?.o(.dtors)
 *(EXCLUDE_FILE(*crtend.o *crtend?.o) .dtors)
 *(SORT(.dtors.*))
 *(.dtors)
 *(.rodata*)
 .rodata        0x00004060       0x30 ./src/main.o
 .rodata.str1.1
                0x00004090       0x33 ./src/main.o
 .rodata.i2cNSum
                0x000040c3        0x4 ./emlib/em_i2c.o
 *fill*         0x000040c7        0x1 
 .rodata.GLIB_FontNormal8x8
                0x000040c8       0x10 ./Graphics/glib_font_normal_8x8.o
                0x000040c8                GLIB_FontNormal8x8
 .rodata.GLIB_FontNormal8x8PixMap
                0x000040d8      0x320 ./Graphics/glib_font_normal_8x8.o
 .rodata        0x000043f8       0x2c ./Drivers/capsense.o
 .rodata.channelsInUse
                0x00004424        0x8 ./Drivers/capsense.o
 .rodata.str1.1
                0x0000442c       0x15 ./Drivers/displayls013b7dh03.o
 *fill*         0x00004441        0x3 
 .rodata        0x00004444       0x1c ./Drivers/displaypalemlib.o
 .rodata        0x00004460        0x3 ./Drivers/udelay.o
 *fill*         0x00004463        0x1 
 .rodata.ledArray
                0x00004464       0x10 ./BSP/bsp_stk_leds.o
 .rodata        0x00004474       0x40 c:/siliconlabs/simplicitystudio/v3/developer/toolchains/gnu_arm/4.8_2013q4/bin/../lib/gcc/arm-none-eabi/4.8.3/armv6-m\libgcc.a(divsf3.o)
 .rodata        0x000044b4       0x40 c:/siliconlabs/simplicitystudio/v3/developer/toolchains/gnu_arm/4.8_2013q4/bin/../lib/gcc/arm-none-eabi/4.8.3/armv6-m\libgcc.a(mulsf3.o)
 .rodata.str1.1
                0x000044f4        0x2 c:/siliconlabs/simplicitystudio/v3/developer/toolchains/gnu_arm/4.8_2013q4/bin/../lib/gcc/arm-none-eabi/4.8.3/../../../../arm-none-eabi/lib/armv6-m\libc_s.a(lib_a-impure.o)
 *fill*         0x000044f6        0x2 
 .rodata._global_impure_ptr
                0x000044f8        0x4 c:/siliconlabs/simplicitystudio/v3/developer/toolchains/gnu_arm/4.8_2013q4/bin/../lib/gcc/arm-none-eabi/4.8.3/../../../../arm-none-eabi/lib/armv6-m\libc_s.a(lib_a-impure.o)
                0x000044f8                _global_impure_ptr
 .rodata.str1.1
                0x000044fc       0x11 c:/siliconlabs/simplicitystudio/v3/developer/toolchains/gnu_arm/4.8_2013q4/bin/../lib/gcc/arm-none-eabi/4.8.3/../../../../arm-none-eabi/lib/armv6-m\libc_s.a(lib_a-svfprintf.o)
 .rodata.str1.1
                0x0000450d       0x22 c:/siliconlabs/simplicitystudio/v3/developer/toolchains/gnu_arm/4.8_2013q4/bin/../lib/gcc/arm-none-eabi/4.8.3/../../../../arm-none-eabi/lib/armv6-m\libc_s.a(lib_a-vfprintf_i.o)
 *(.eh_frame*)
 *fill*         0x0000452f        0x1 
 .eh_frame      0x00004530        0x0 c:/siliconlabs/simplicitystudio/v3/developer/toolchains/gnu_arm/4.8_2013q4/bin/../lib/gcc/arm-none-eabi/4.8.3/armv6-m/crtbegin.o
 .eh_frame      0x00004530        0x4 c:/siliconlabs/simplicitystudio/v3/developer/toolchains/gnu_arm/4.8_2013q4/bin/../lib/gcc/arm-none-eabi/4.8.3/armv6-m/crtend.o

.glue_7         0x00004534        0x0
 .glue_7        0x00000000        0x0 linker stubs

.glue_7t        0x00004534        0x0
 .glue_7t       0x00000000        0x0 linker stubs

.vfp11_veneer   0x00004534        0x0
 .vfp11_veneer  0x00000000        0x0 linker stubs

.v4_bx          0x00004534        0x0
 .v4_bx         0x00000000        0x0 linker stubs

.iplt           0x00004534        0x0
 .iplt          0x00000000        0x0 c:/siliconlabs/simplicitystudio/v3/developer/toolchains/gnu_arm/4.8_2013q4/bin/../lib/gcc/arm-none-eabi/4.8.3/armv6-m/crtbegin.o

.ARM.extab
 *(.ARM.extab* .gnu.linkonce.armextab.*)
                0x00004534                __exidx_start = .

.ARM.exidx      0x00004534        0x8
 *(.ARM.exidx* .gnu.linkonce.armexidx.*)
 .ARM.exidx     0x00004534        0x8 c:/siliconlabs/simplicitystudio/v3/developer/toolchains/gnu_arm/4.8_2013q4/bin/../lib/gcc/arm-none-eabi/4.8.3/../../../../arm-none-eabi/lib/armv6-m/crt0.o
                0x0000453c                __exidx_end = .
                0x0000453c                __etext = .

.rel.dyn        0x0000453c        0x0
 .rel.iplt      0x00000000        0x0 c:/siliconlabs/simplicitystudio/v3/developer/toolchains/gnu_arm/4.8_2013q4/bin/../lib/gcc/arm-none-eabi/4.8.3/armv6-m/crtbegin.o

.data           0x20000000       0xb0 load address 0x0000453c
                0x20000000                __data_start__ = .
 *(vtable)
 *(.data*)
 .data.setPoint
                0x20000000        0x1 ./src/main.o
                0x20000000                setPoint
 *fill*         0x20000001        0x3 
 .data.past_x   0x20000004        0x4 ./src/main.o
                0x20000004                past_x
 .data.past_y   0x20000008        0x4 ./src/main.o
                0x20000008                past_y
 .data.channelMaxValues
                0x2000000c       0x20 ./Drivers/capsense.o
 .data.pDisplayDeviceDriverInitFunctions
                0x2000002c        0x8 ./Drivers/display.o
 .data.pixelMatrixPool
                0x20000034        0x4 ./Drivers/displayls013b7dh03.o
 .data.loops_per_jiffy
                0x20000038        0x4 ./Drivers/udelay.o
                0x20000038                loops_per_jiffy
 .data.SystemLFXOClock
                0x2000003c        0x4 ./CMSIS/efm32zg/system_efm32zg.o
 .data.SystemHFXOClock
                0x20000040        0x4 ./CMSIS/efm32zg/system_efm32zg.o
 .data.impure_data
                0x20000044       0x60 c:/siliconlabs/simplicitystudio/v3/developer/toolchains/gnu_arm/4.8_2013q4/bin/../lib/gcc/arm-none-eabi/4.8.3/../../../../arm-none-eabi/lib/armv6-m\libc_s.a(lib_a-impure.o)
 .data._impure_ptr
                0x200000a4        0x4 c:/siliconlabs/simplicitystudio/v3/developer/toolchains/gnu_arm/4.8_2013q4/bin/../lib/gcc/arm-none-eabi/4.8.3/../../../../arm-none-eabi/lib/armv6-m\libc_s.a(lib_a-impure.o)
                0x200000a4                _impure_ptr
                0x200000a8                . = ALIGN (0x4)
 *(.ram)
                0x200000a8                . = ALIGN (0x4)
                0x200000a8                PROVIDE (__preinit_array_start, .)
 *(.preinit_array)
                0x200000a8                PROVIDE (__preinit_array_end, .)
                0x200000a8                . = ALIGN (0x4)
                0x200000a8                PROVIDE (__init_array_start, .)
 *(SORT(.init_array.*))
 *(.init_array)
 .init_array    0x200000a8        0x4 c:/siliconlabs/simplicitystudio/v3/developer/toolchains/gnu_arm/4.8_2013q4/bin/../lib/gcc/arm-none-eabi/4.8.3/armv6-m/crtbegin.o
                0x200000ac                PROVIDE (__init_array_end, .)
                0x200000ac                . = ALIGN (0x4)
                0x200000ac                PROVIDE (__fini_array_start, .)
 *(SORT(.fini_array.*))
 *(.fini_array)
 .fini_array    0x200000ac        0x4 c:/siliconlabs/simplicitystudio/v3/developer/toolchains/gnu_arm/4.8_2013q4/bin/../lib/gcc/arm-none-eabi/4.8.3/armv6-m/crtbegin.o
                0x200000b0                PROVIDE (__fini_array_end, .)
                0x200000b0                . = ALIGN (0x4)
                0x200000b0                __data_end__ = .

.jcr            0x200000b0        0x0 load address 0x000045ec
 .jcr           0x200000b0        0x0 c:/siliconlabs/simplicitystudio/v3/developer/toolchains/gnu_arm/4.8_2013q4/bin/../lib/gcc/arm-none-eabi/4.8.3/armv6-m/crtbegin.o

.igot.plt       0x200000b0        0x0 load address 0x000045ec
 .igot.plt      0x00000000        0x0 c:/siliconlabs/simplicitystudio/v3/developer/toolchains/gnu_arm/4.8_2013q4/bin/../lib/gcc/arm-none-eabi/4.8.3/armv6-m/crtbegin.o

.bss            0x200000b0      0x974 load address 0x000045ec
                0x200000b0                __bss_start__ = .
 *(.bss*)
 .bss           0x200000b0       0x1c c:/siliconlabs/simplicitystudio/v3/developer/toolchains/gnu_arm/4.8_2013q4/bin/../lib/gcc/arm-none-eabi/4.8.3/armv6-m/crtbegin.o
 .bss.k         0x200000cc        0x1 ./src/main.o
                0x200000cc                k
 *fill*         0x200000cd        0x3 
 .bss.curTime   0x200000d0        0x4 ./src/main.o
 .bss.ctemp     0x200000d4        0x4 ./src/main.o
                0x200000d4                ctemp
 .bss.glibContext
                0x200000d8       0x2c ./src/main.o
 .bss.cmuStatus
                0x20000104        0x4 ./emlib/em_emu.o
 .bss.i2cTransfer
                0x20000108        0xc ./emlib/em_i2c.o
 .bss.INT_LockCnt
                0x20000114        0x4 ./emlib/em_int.o
                0x20000114                INT_LockCnt
 .bss.pixelMatrixBuffer
                0x20000118        0x4 ./Graphics/dmd_display.o
 .bss.displayDevice
                0x2000011c       0x2c ./Graphics/dmd_display.o
 .bss.dimensions
                0x20000148        0xc ./Graphics/dmd_display.o
 .bss.moduleInitialized
                0x20000154        0x1 ./Graphics/dmd_display.o
 .bss.currentChannel
                0x20000155        0x1 ./Drivers/capsense.o
 *fill*         0x20000156        0x2 
 .bss.channelValues
                0x20000158       0x20 ./Drivers/capsense.o
 .bss.measurementComplete
                0x20000178        0x1 ./Drivers/capsense.o
 *fill*         0x20000179        0x3 
 .bss.devicesRegistered
                0x2000017c        0x4 ./Drivers/display.o
 .bss.deviceTable
                0x20000180       0x2c ./Drivers/display.o
 .bss.moduleInitialized
                0x200001ac        0x1 ./Drivers/display.o
 .bss.pixelMatrixPoolBase
                0x200001ad      0x800 ./Drivers/displayls013b7dh03.o
 *fill*         0x200009ad        0x3 
 .bss.__malloc_sbrk_start
                0x200009b0        0x4 c:/siliconlabs/simplicitystudio/v3/developer/toolchains/gnu_arm/4.8_2013q4/bin/../lib/gcc/arm-none-eabi/4.8.3/../../../../arm-none-eabi/lib/armv6-m\libc_s.a(lib_a-nano-mallocr.o)
                0x200009b0                __malloc_sbrk_start
 .bss.__malloc_free_list
                0x200009b4        0x4 c:/siliconlabs/simplicitystudio/v3/developer/toolchains/gnu_arm/4.8_2013q4/bin/../lib/gcc/arm-none-eabi/4.8.3/../../../../arm-none-eabi/lib/armv6-m\libc_s.a(lib_a-nano-mallocr.o)
                0x200009b4                __malloc_free_list
 .bss.heap_end.4237
                0x200009b8        0x4 c:/siliconlabs/simplicitystudio/v3/developer/toolchains/gnu_arm/4.8_2013q4/bin/../lib/gcc/arm-none-eabi/4.8.3/../../../../arm-none-eabi/lib/armv6-m\libnosys.a(sbrk.o)
 *(COMMON)
 COMMON         0x200009bc       0x50 ./src/main.o
                0x200009bc                p
 COMMON         0x20000a0c       0x10 ./Graphics/dmd_display.o
                0x20000a0c                dirtyRows
 COMMON         0x20000a1c        0x4 ./CMSIS/efm32zg/system_efm32zg.o
                0x20000a1c                SystemCoreClock
 COMMON         0x20000a20        0x4 c:/siliconlabs/simplicitystudio/v3/developer/toolchains/gnu_arm/4.8_2013q4/bin/../lib/gcc/arm-none-eabi/4.8.3/../../../../arm-none-eabi/lib/armv6-m\libc_s.a(lib_a-reent.o)
                0x20000a20                errno
                0x20000a24                __bss_end__ = .

.heap           0x20000a28        0x0
                0x20000a28                __end__ = .
                0x20000a28                end = __end__
                0x20000a28                _end = __end__
 *(.heap*)
 .heap          0x20000a28        0x0 ./CMSIS/efm32zg/startup_efm32zg.o
                0x20000a28                __HeapLimit = .

.stack_dummy    0x20000a28      0x400
 *(.stack)
 .stack         0x20000a28      0x400 ./CMSIS/efm32zg/startup_efm32zg.o
                0x20001000                __StackTop = (ORIGIN (RAM) + 0x1000)
                0x20000c00                __StackLimit = (__StackTop - SIZEOF (.stack_dummy))
                0x20001000                PROVIDE (__stack, __StackTop)
                0x00000001                ASSERT ((__StackLimit >= __HeapLimit), region RAM overflowed with stack)
                0x00000001                ASSERT ((0x8000 >= (__etext + SIZEOF (.data))), FLASH memory overflowed !)
OUTPUT(STK3200_glib.axf elf32-littlearm)

.ARM.attributes
                0x00000000       0x28
 .ARM.attributes
                0x00000000       0x1e c:/siliconlabs/simplicitystudio/v3/developer/toolchains/gnu_arm/4.8_2013q4/bin/../lib/gcc/arm-none-eabi/4.8.3/armv6-m/crti.o
 .ARM.attributes
                0x0000001e       0x2c c:/siliconlabs/simplicitystudio/v3/developer/toolchains/gnu_arm/4.8_2013q4/bin/../lib/gcc/arm-none-eabi/4.8.3/armv6-m/crtbegin.o
 .ARM.attributes
                0x0000004a       0x1b c:/siliconlabs/simplicitystudio/v3/developer/toolchains/gnu_arm/4.8_2013q4/bin/../lib/gcc/arm-none-eabi/4.8.3/../../../../arm-none-eabi/lib/armv6-m/crt0.o
 .ARM.attributes
                0x00000065       0x32 ./src/main.o
 .ARM.attributes
                0x00000097       0x32 ./emlib/em_acmp.o
 .ARM.attributes
                0x000000c9       0x32 ./emlib/em_adc.o
 .ARM.attributes
                0x000000fb       0x32 ./emlib/em_cmu.o
 .ARM.attributes
                0x0000012d       0x32 ./emlib/em_emu.o
 .ARM.attributes
                0x0000015f       0x32 ./emlib/em_gpio.o
 .ARM.attributes
                0x00000191       0x32 ./emlib/em_i2c.o
 .ARM.attributes
                0x000001c3       0x32 ./emlib/em_int.o
 .ARM.attributes
                0x000001f5       0x32 ./emlib/em_pcnt.o
 .ARM.attributes
                0x00000227       0x32 ./emlib/em_prs.o
 .ARM.attributes
                0x00000259       0x32 ./emlib/em_rtc.o
 .ARM.attributes
                0x0000028b       0x32 ./emlib/em_usart.o
 .ARM.attributes
                0x000002bd       0x32 ./Graphics/dmd_display.o
 .ARM.attributes
                0x000002ef       0x32 ./Graphics/glib.o
 .ARM.attributes
                0x00000321       0x32 ./Graphics/glib_circle.o
 .ARM.attributes
                0x00000353       0x32 ./Graphics/glib_font_normal_8x8.o
 .ARM.attributes
                0x00000385       0x32 ./Graphics/glib_line.o
 .ARM.attributes
                0x000003b7       0x32 ./Graphics/glib_rectangle.o
 .ARM.attributes
                0x000003e9       0x32 ./Graphics/glib_string.o
 .ARM.attributes
                0x0000041b       0x32 ./Drivers/capsense.o
 .ARM.attributes
                0x0000044d       0x32 ./Drivers/display.o
 .ARM.attributes
                0x0000047f       0x32 ./Drivers/displayls013b7dh03.o
 .ARM.attributes
                0x000004b1       0x32 ./Drivers/displaypalemlib.o
 .ARM.attributes
                0x000004e3       0x32 ./Drivers/i2cspm.o
 .ARM.attributes
                0x00000515       0x32 ./Drivers/si7013.o
 .ARM.attributes
                0x00000547       0x2b ./Drivers/udelay.o
 .ARM.attributes
                0x00000572       0x1b ./CMSIS/efm32zg/startup_efm32zg.o
 .ARM.attributes
                0x0000058d       0x32 ./CMSIS/efm32zg/system_efm32zg.o
 .ARM.attributes
                0x000005bf       0x32 ./BSP/bsp_stk_leds.o
 .ARM.attributes
                0x000005f1       0x1e c:/siliconlabs/simplicitystudio/v3/developer/toolchains/gnu_arm/4.8_2013q4/bin/../lib/gcc/arm-none-eabi/4.8.3/armv6-m\libgcc.a(_thumb1_case_uqi.o)
 .ARM.attributes
                0x0000060f       0x1e c:/siliconlabs/simplicitystudio/v3/developer/toolchains/gnu_arm/4.8_2013q4/bin/../lib/gcc/arm-none-eabi/4.8.3/armv6-m\libgcc.a(_udivsi3.o)
 .ARM.attributes
                0x0000062d       0x1e c:/siliconlabs/simplicitystudio/v3/developer/toolchains/gnu_arm/4.8_2013q4/bin/../lib/gcc/arm-none-eabi/4.8.3/armv6-m\libgcc.a(_divsi3.o)
 .ARM.attributes
                0x0000064b       0x1e c:/siliconlabs/simplicitystudio/v3/developer/toolchains/gnu_arm/4.8_2013q4/bin/../lib/gcc/arm-none-eabi/4.8.3/armv6-m\libgcc.a(_dvmd_tls.o)
 .ARM.attributes
                0x00000669       0x2c c:/siliconlabs/simplicitystudio/v3/developer/toolchains/gnu_arm/4.8_2013q4/bin/../lib/gcc/arm-none-eabi/4.8.3/armv6-m\libgcc.a(divsf3.o)
 .ARM.attributes
                0x00000695       0x2c c:/siliconlabs/simplicitystudio/v3/developer/toolchains/gnu_arm/4.8_2013q4/bin/../lib/gcc/arm-none-eabi/4.8.3/armv6-m\libgcc.a(mulsf3.o)
 .ARM.attributes
                0x000006c1       0x2c c:/siliconlabs/simplicitystudio/v3/developer/toolchains/gnu_arm/4.8_2013q4/bin/../lib/gcc/arm-none-eabi/4.8.3/armv6-m\libgcc.a(subsf3.o)
 .ARM.attributes
                0x000006ed       0x2c c:/siliconlabs/simplicitystudio/v3/developer/toolchains/gnu_arm/4.8_2013q4/bin/../lib/gcc/arm-none-eabi/4.8.3/armv6-m\libgcc.a(fixsfsi.o)
 .ARM.attributes
                0x00000719       0x2c c:/siliconlabs/simplicitystudio/v3/developer/toolchains/gnu_arm/4.8_2013q4/bin/../lib/gcc/arm-none-eabi/4.8.3/armv6-m\libgcc.a(floatsisf.o)
 .ARM.attributes
                0x00000745       0x1e c:/siliconlabs/simplicitystudio/v3/developer/toolchains/gnu_arm/4.8_2013q4/bin/../lib/gcc/arm-none-eabi/4.8.3/armv6-m\libgcc.a(_clzsi2.o)
 .ARM.attributes
                0x00000763       0x2c c:/siliconlabs/simplicitystudio/v3/developer/toolchains/gnu_arm/4.8_2013q4/bin/../lib/gcc/arm-none-eabi/4.8.3/../../../../arm-none-eabi/lib/armv6-m\libc_s.a(lib_a-abs.o)
 .ARM.attributes
                0x0000078f       0x2c c:/siliconlabs/simplicitystudio/v3/developer/toolchains/gnu_arm/4.8_2013q4/bin/../lib/gcc/arm-none-eabi/4.8.3/../../../../arm-none-eabi/lib/armv6-m\libc_s.a(lib_a-exit.o)
 .ARM.attributes
                0x000007bb       0x2c c:/siliconlabs/simplicitystudio/v3/developer/toolchains/gnu_arm/4.8_2013q4/bin/../lib/gcc/arm-none-eabi/4.8.3/../../../../arm-none-eabi/lib/armv6-m\libc_s.a(lib_a-impure.o)
 .ARM.attributes
                0x000007e7       0x2c c:/siliconlabs/simplicitystudio/v3/developer/toolchains/gnu_arm/4.8_2013q4/bin/../lib/gcc/arm-none-eabi/4.8.3/../../../../arm-none-eabi/lib/armv6-m\libc_s.a(lib_a-init.o)
 .ARM.attributes
                0x00000813       0x2c c:/siliconlabs/simplicitystudio/v3/developer/toolchains/gnu_arm/4.8_2013q4/bin/../lib/gcc/arm-none-eabi/4.8.3/../../../../arm-none-eabi/lib/armv6-m\libc_s.a(lib_a-memcpy-stub.o)
 .ARM.attributes
                0x0000083f       0x2c c:/siliconlabs/simplicitystudio/v3/developer/toolchains/gnu_arm/4.8_2013q4/bin/../lib/gcc/arm-none-eabi/4.8.3/../../../../arm-none-eabi/lib/armv6-m\libc_s.a(lib_a-memset.o)
 .ARM.attributes
                0x0000086b       0x2c c:/siliconlabs/simplicitystudio/v3/developer/toolchains/gnu_arm/4.8_2013q4/bin/../lib/gcc/arm-none-eabi/4.8.3/../../../../arm-none-eabi/lib/armv6-m\libc_s.a(lib_a-snprintf.o)
 .ARM.attributes
                0x00000897       0x2c c:/siliconlabs/simplicitystudio/v3/developer/toolchains/gnu_arm/4.8_2013q4/bin/../lib/gcc/arm-none-eabi/4.8.3/../../../../arm-none-eabi/lib/armv6-m\libc_s.a(lib_a-strlen.o)
 .ARM.attributes
                0x000008c3       0x2c c:/siliconlabs/simplicitystudio/v3/developer/toolchains/gnu_arm/4.8_2013q4/bin/../lib/gcc/arm-none-eabi/4.8.3/../../../../arm-none-eabi/lib/armv6-m\libc_s.a(lib_a-svfprintf.o)
 .ARM.attributes
                0x000008ef       0x2c c:/siliconlabs/simplicitystudio/v3/developer/toolchains/gnu_arm/4.8_2013q4/bin/../lib/gcc/arm-none-eabi/4.8.3/../../../../arm-none-eabi/lib/armv6-m\libc_s.a(lib_a-vfprintf_i.o)
 .ARM.attributes
                0x0000091b       0x2c c:/siliconlabs/simplicitystudio/v3/developer/toolchains/gnu_arm/4.8_2013q4/bin/../lib/gcc/arm-none-eabi/4.8.3/../../../../arm-none-eabi/lib/armv6-m\libc_s.a(lib_a-memchr-stub.o)
 .ARM.attributes
                0x00000947       0x2c c:/siliconlabs/simplicitystudio/v3/developer/toolchains/gnu_arm/4.8_2013q4/bin/../lib/gcc/arm-none-eabi/4.8.3/../../../../arm-none-eabi/lib/armv6-m\libc_s.a(lib_a-memmove.o)
 .ARM.attributes
                0x00000973       0x2c c:/siliconlabs/simplicitystudio/v3/developer/toolchains/gnu_arm/4.8_2013q4/bin/../lib/gcc/arm-none-eabi/4.8.3/../../../../arm-none-eabi/lib/armv6-m\libc_s.a(lib_a-nano-freer.o)
 .ARM.attributes
                0x0000099f       0x2c c:/siliconlabs/simplicitystudio/v3/developer/toolchains/gnu_arm/4.8_2013q4/bin/../lib/gcc/arm-none-eabi/4.8.3/../../../../arm-none-eabi/lib/armv6-m\libc_s.a(lib_a-nano-mallocr.o)
 .ARM.attributes
                0x000009cb       0x2c c:/siliconlabs/simplicitystudio/v3/developer/toolchains/gnu_arm/4.8_2013q4/bin/../lib/gcc/arm-none-eabi/4.8.3/../../../../arm-none-eabi/lib/armv6-m\libc_s.a(lib_a-nano-reallocr.o)
 .ARM.attributes
                0x000009f7       0x2c c:/siliconlabs/simplicitystudio/v3/developer/toolchains/gnu_arm/4.8_2013q4/bin/../lib/gcc/arm-none-eabi/4.8.3/../../../../arm-none-eabi/lib/armv6-m\libc_s.a(lib_a-sbrkr.o)
 .ARM.attributes
                0x00000a23       0x2c c:/siliconlabs/simplicitystudio/v3/developer/toolchains/gnu_arm/4.8_2013q4/bin/../lib/gcc/arm-none-eabi/4.8.3/../../../../arm-none-eabi/lib/armv6-m\libc_s.a(lib_a-nano-msizer.o)
 .ARM.attributes
                0x00000a4f       0x2c c:/siliconlabs/simplicitystudio/v3/developer/toolchains/gnu_arm/4.8_2013q4/bin/../lib/gcc/arm-none-eabi/4.8.3/../../../../arm-none-eabi/lib/armv6-m\libc_s.a(lib_a-reent.o)
 .ARM.attributes
                0x00000a7b       0x2c c:/siliconlabs/simplicitystudio/v3/developer/toolchains/gnu_arm/4.8_2013q4/bin/../lib/gcc/arm-none-eabi/4.8.3/../../../../arm-none-eabi/lib/armv6-m\libnosys.a(sbrk.o)
 .ARM.attributes
                0x00000aa7       0x2c c:/siliconlabs/simplicitystudio/v3/developer/toolchains/gnu_arm/4.8_2013q4/bin/../lib/gcc/arm-none-eabi/4.8.3/../../../../arm-none-eabi/lib/armv6-m\libnosys.a(_exit.o)
 .ARM.attributes
                0x00000ad3       0x2c c:/siliconlabs/simplicitystudio/v3/developer/toolchains/gnu_arm/4.8_2013q4/bin/../lib/gcc/arm-none-eabi/4.8.3/armv6-m/crtend.o
 .ARM.attributes
                0x00000aff       0x1e c:/siliconlabs/simplicitystudio/v3/developer/toolchains/gnu_arm/4.8_2013q4/bin/../lib/gcc/arm-none-eabi/4.8.3/armv6-m/crtn.o

.comment        0x00000000       0x70
 .comment       0x00000000       0x70 ./src/main.o
                                 0x71 (size before relaxing)
 .comment       0x00000000       0x71 ./emlib/em_acmp.o
 .comment       0x00000000       0x71 ./emlib/em_adc.o
 .comment       0x00000000       0x71 ./emlib/em_cmu.o
 .comment       0x00000000       0x71 ./emlib/em_emu.o
 .comment       0x00000000       0x71 ./emlib/em_gpio.o
 .comment       0x00000000       0x71 ./emlib/em_i2c.o
 .comment       0x00000000       0x71 ./emlib/em_int.o
 .comment       0x00000000       0x71 ./emlib/em_pcnt.o
 .comment       0x00000000       0x71 ./emlib/em_prs.o
 .comment       0x00000000       0x71 ./emlib/em_rtc.o
 .comment       0x00000000       0x71 ./emlib/em_usart.o
 .comment       0x00000000       0x71 ./Graphics/dmd_display.o
 .comment       0x00000000       0x71 ./Graphics/glib.o
 .comment       0x00000000       0x71 ./Graphics/glib_circle.o
 .comment       0x00000000       0x71 ./Graphics/glib_font_normal_8x8.o
 .comment       0x00000000       0x71 ./Graphics/glib_line.o
 .comment       0x00000000       0x71 ./Graphics/glib_rectangle.o
 .comment       0x00000000       0x71 ./Graphics/glib_string.o
 .comment       0x00000000       0x71 ./Drivers/capsense.o
 .comment       0x00000000       0x71 ./Drivers/display.o
 .comment       0x00000000       0x71 ./Drivers/displayls013b7dh03.o
 .comment       0x00000000       0x71 ./Drivers/displaypalemlib.o
 .comment       0x00000000       0x71 ./Drivers/i2cspm.o
 .comment       0x00000000       0x71 ./Drivers/si7013.o
 .comment       0x00000000       0x71 ./Drivers/udelay.o
 .comment       0x00000000       0x71 ./CMSIS/efm32zg/system_efm32zg.o
 .comment       0x00000000       0x71 ./BSP/bsp_stk_leds.o

.debug_info     0x00000000    0x10434
 .debug_info    0x00000000     0x22f4 ./src/main.o
 .debug_info    0x000022f4      0x604 ./emlib/em_acmp.o
 .debug_info    0x000028f8      0xa72 ./emlib/em_adc.o
 .debug_info    0x0000336a     0x1450 ./emlib/em_cmu.o
 .debug_info    0x000047ba      0x648 ./emlib/em_emu.o
 .debug_info    0x00004e02      0x56e ./emlib/em_gpio.o
 .debug_info    0x00005370      0x865 ./emlib/em_i2c.o
 .debug_info    0x00005bd5       0xa0 ./emlib/em_int.o
 .debug_info    0x00005c75      0xa3d ./emlib/em_pcnt.o
 .debug_info    0x000066b2      0x207 ./emlib/em_prs.o
 .debug_info    0x000068b9      0x362 ./emlib/em_rtc.o
 .debug_info    0x00006c1b      0xe87 ./emlib/em_usart.o
 .debug_info    0x00007aa2      0xb2e ./Graphics/dmd_display.o
 .debug_info    0x000085d0      0xaa7 ./Graphics/glib.o
 .debug_info    0x00009077      0x6dc ./Graphics/glib_circle.o
 .debug_info    0x00009753      0x184 ./Graphics/glib_font_normal_8x8.o
 .debug_info    0x000098d7      0x807 ./Graphics/glib_line.o
 .debug_info    0x0000a0de      0x5f1 ./Graphics/glib_rectangle.o
 .debug_info    0x0000a6cf      0x60f ./Graphics/glib_string.o
 .debug_info    0x0000acde      0xc1e ./Drivers/capsense.o
 .debug_info    0x0000b8fc      0x4b8 ./Drivers/display.o
 .debug_info    0x0000bdb4      0xa98 ./Drivers/displayls013b7dh03.o
 .debug_info    0x0000c84c     0x12f4 ./Drivers/displaypalemlib.o
 .debug_info    0x0000db40      0x950 ./Drivers/i2cspm.o
 .debug_info    0x0000e490      0x565 ./Drivers/si7013.o
 .debug_info    0x0000e9f5      0xd1e ./Drivers/udelay.o
 .debug_info    0x0000f713       0xf1 ./CMSIS/efm32zg/startup_efm32zg.o
 .debug_info    0x0000f804      0x422 ./CMSIS/efm32zg/system_efm32zg.o
 .debug_info    0x0000fc26      0x80e ./BSP/bsp_stk_leds.o

.debug_abbrev   0x00000000     0x3b39
 .debug_abbrev  0x00000000      0x4d5 ./src/main.o
 .debug_abbrev  0x000004d5      0x19c ./emlib/em_acmp.o
 .debug_abbrev  0x00000671      0x251 ./emlib/em_adc.o
 .debug_abbrev  0x000008c2      0x3d7 ./emlib/em_cmu.o
 .debug_abbrev  0x00000c99      0x228 ./emlib/em_emu.o
 .debug_abbrev  0x00000ec1      0x1e2 ./emlib/em_gpio.o
 .debug_abbrev  0x000010a3      0x2d0 ./emlib/em_i2c.o
 .debug_abbrev  0x00001373       0x42 ./emlib/em_int.o
 .debug_abbrev  0x000013b5      0x2d3 ./emlib/em_pcnt.o
 .debug_abbrev  0x00001688       0xe1 ./emlib/em_prs.o
 .debug_abbrev  0x00001769      0x1e9 ./emlib/em_rtc.o
 .debug_abbrev  0x00001952      0x248 ./emlib/em_usart.o
 .debug_abbrev  0x00001b9a      0x250 ./Graphics/dmd_display.o
 .debug_abbrev  0x00001dea      0x270 ./Graphics/glib.o
 .debug_abbrev  0x0000205a      0x16a ./Graphics/glib_circle.o
 .debug_abbrev  0x000021c4       0xa7 ./Graphics/glib_font_normal_8x8.o
 .debug_abbrev  0x0000226b      0x241 ./Graphics/glib_line.o
 .debug_abbrev  0x000024ac      0x194 ./Graphics/glib_rectangle.o
 .debug_abbrev  0x00002640      0x13f ./Graphics/glib_string.o
 .debug_abbrev  0x0000277f      0x251 ./Drivers/capsense.o
 .debug_abbrev  0x000029d0      0x158 ./Drivers/display.o
 .debug_abbrev  0x00002b28      0x292 ./Drivers/displayls013b7dh03.o
 .debug_abbrev  0x00002dba      0x318 ./Drivers/displaypalemlib.o
 .debug_abbrev  0x000030d2      0x22c ./Drivers/i2cspm.o
 .debug_abbrev  0x000032fe      0x19a ./Drivers/si7013.o
 .debug_abbrev  0x00003498      0x2f8 ./Drivers/udelay.o
 .debug_abbrev  0x00003790       0x14 ./CMSIS/efm32zg/startup_efm32zg.o
 .debug_abbrev  0x000037a4      0x1a1 ./CMSIS/efm32zg/system_efm32zg.o
 .debug_abbrev  0x00003945      0x1f4 ./BSP/bsp_stk_leds.o

.debug_loc      0x00000000     0x7ea1
 .debug_loc     0x00000000      0x2d9 ./src/main.o
 .debug_loc     0x000002d9      0x1b6 ./emlib/em_acmp.o
 .debug_loc     0x0000048f      0x3bf ./emlib/em_adc.o
 .debug_loc     0x0000084e     0x1487 ./emlib/em_cmu.o
 .debug_loc     0x00001cd5      0x178 ./emlib/em_emu.o
 .debug_loc     0x00001e4d      0x219 ./emlib/em_gpio.o
 .debug_loc     0x00002066      0x541 ./emlib/em_i2c.o
 .debug_loc     0x000025a7      0x5af ./emlib/em_pcnt.o
 .debug_loc     0x00002b56      0x121 ./emlib/em_prs.o
 .debug_loc     0x00002c77       0xfb ./emlib/em_rtc.o
 .debug_loc     0x00002d72      0x715 ./emlib/em_usart.o
 .debug_loc     0x00003487      0xc4c ./Graphics/dmd_display.o
 .debug_loc     0x000040d3      0x889 ./Graphics/glib.o
 .debug_loc     0x0000495c      0x5bd ./Graphics/glib_circle.o
 .debug_loc     0x00004f19      0x8dc ./Graphics/glib_line.o
 .debug_loc     0x000057f5      0x4b6 ./Graphics/glib_rectangle.o
 .debug_loc     0x00005cab      0x533 ./Graphics/glib_string.o
 .debug_loc     0x000061de      0x289 ./Drivers/capsense.o
 .debug_loc     0x00006467      0x250 ./Drivers/display.o
 .debug_loc     0x000066b7      0x5ad ./Drivers/displayls013b7dh03.o
 .debug_loc     0x00006c64      0x51a ./Drivers/displaypalemlib.o
 .debug_loc     0x0000717e      0x1d0 ./Drivers/i2cspm.o
 .debug_loc     0x0000734e      0x30f ./Drivers/si7013.o
 .debug_loc     0x0000765d      0x2c4 ./Drivers/udelay.o
 .debug_loc     0x00007921       0xfc ./CMSIS/efm32zg/system_efm32zg.o
 .debug_loc     0x00007a1d      0x484 ./BSP/bsp_stk_leds.o

.debug_aranges  0x00000000      0x918
 .debug_aranges
                0x00000000       0x60 ./src/main.o
 .debug_aranges
                0x00000060       0x58 ./emlib/em_acmp.o
 .debug_aranges
                0x000000b8       0x48 ./emlib/em_adc.o
 .debug_aranges
                0x00000100       0xe8 ./emlib/em_cmu.o
 .debug_aranges
                0x000001e8       0x50 ./emlib/em_emu.o
 .debug_aranges
                0x00000238       0x38 ./emlib/em_gpio.o
 .debug_aranges
                0x00000270       0x50 ./emlib/em_i2c.o
 .debug_aranges
                0x000002c0       0x18 ./emlib/em_int.o
 .debug_aranges
                0x000002d8       0x68 ./emlib/em_pcnt.o
 .debug_aranges
                0x00000340       0x28 ./emlib/em_prs.o
 .debug_aranges
                0x00000368       0x50 ./emlib/em_rtc.o
 .debug_aranges
                0x000003b8       0xb8 ./emlib/em_usart.o
 .debug_aranges
                0x00000470       0x88 ./Graphics/dmd_display.o
 .debug_aranges
                0x000004f8       0x78 ./Graphics/glib.o
 .debug_aranges
                0x00000570       0x38 ./Graphics/glib_circle.o
 .debug_aranges
                0x000005a8       0x18 ./Graphics/glib_font_normal_8x8.o
 .debug_aranges
                0x000005c0       0x38 ./Graphics/glib_line.o
 .debug_aranges
                0x000005f8       0x38 ./Graphics/glib_rectangle.o
 .debug_aranges
                0x00000630       0x30 ./Graphics/glib_string.o
 .debug_aranges
                0x00000660       0x50 ./Drivers/capsense.o
 .debug_aranges
                0x000006b0       0x38 ./Drivers/display.o
 .debug_aranges
                0x000006e8       0x58 ./Drivers/displayls013b7dh03.o
 .debug_aranges
                0x00000740       0x80 ./Drivers/displaypalemlib.o
 .debug_aranges
                0x000007c0       0x28 ./Drivers/i2cspm.o
 .debug_aranges
                0x000007e8       0x38 ./Drivers/si7013.o
 .debug_aranges
                0x00000820       0x28 ./Drivers/udelay.o
 .debug_aranges
                0x00000848       0x20 ./CMSIS/efm32zg/startup_efm32zg.o
 .debug_aranges
                0x00000868       0x60 ./CMSIS/efm32zg/system_efm32zg.o
 .debug_aranges
                0x000008c8       0x50 ./BSP/bsp_stk_leds.o

.debug_ranges   0x00000000      0xae0
 .debug_ranges  0x00000000       0x80 ./src/main.o
 .debug_ranges  0x00000080       0x48 ./emlib/em_acmp.o
 .debug_ranges  0x000000c8       0x60 ./emlib/em_adc.o
 .debug_ranges  0x00000128      0x178 ./emlib/em_cmu.o
 .debug_ranges  0x000002a0       0x70 ./emlib/em_emu.o
 .debug_ranges  0x00000310       0x58 ./emlib/em_gpio.o
 .debug_ranges  0x00000368       0x68 ./emlib/em_i2c.o
 .debug_ranges  0x000003d0      0x120 ./emlib/em_pcnt.o
 .debug_ranges  0x000004f0       0x18 ./emlib/em_prs.o
 .debug_ranges  0x00000508       0x58 ./emlib/em_rtc.o
 .debug_ranges  0x00000560       0xa8 ./emlib/em_usart.o
 .debug_ranges  0x00000608       0xa8 ./Graphics/dmd_display.o
 .debug_ranges  0x000006b0       0x80 ./Graphics/glib.o
 .debug_ranges  0x00000730       0x28 ./Graphics/glib_circle.o
 .debug_ranges  0x00000758       0x28 ./Graphics/glib_line.o
 .debug_ranges  0x00000780       0x28 ./Graphics/glib_rectangle.o
 .debug_ranges  0x000007a8       0x20 ./Graphics/glib_string.o
 .debug_ranges  0x000007c8       0x40 ./Drivers/capsense.o
 .debug_ranges  0x00000808       0x28 ./Drivers/display.o
 .debug_ranges  0x00000830       0x48 ./Drivers/displayls013b7dh03.o
 .debug_ranges  0x00000878       0xd8 ./Drivers/displaypalemlib.o
 .debug_ranges  0x00000950       0x18 ./Drivers/i2cspm.o
 .debug_ranges  0x00000968       0x28 ./Drivers/si7013.o
 .debug_ranges  0x00000990       0x18 ./Drivers/udelay.o
 .debug_ranges  0x000009a8       0x50 ./CMSIS/efm32zg/system_efm32zg.o
 .debug_ranges  0x000009f8       0xe8 ./BSP/bsp_stk_leds.o

.debug_line     0x00000000     0x5886
 .debug_line    0x00000000      0x780 ./src/main.o
 .debug_line    0x00000780      0x2b3 ./emlib/em_acmp.o
 .debug_line    0x00000a33      0x311 ./emlib/em_adc.o
 .debug_line    0x00000d44      0x6b7 ./emlib/em_cmu.o
 .debug_line    0x000013fb      0x396 ./emlib/em_emu.o
 .debug_line    0x00001791      0x257 ./emlib/em_gpio.o
 .debug_line    0x000019e8      0x35e ./emlib/em_i2c.o
 .debug_line    0x00001d46       0xdb ./emlib/em_int.o
 .debug_line    0x00001e21      0x38c ./emlib/em_pcnt.o
 .debug_line    0x000021ad      0x1da ./emlib/em_prs.o
 .debug_line    0x00002387      0x26e ./emlib/em_rtc.o
 .debug_line    0x000025f5      0x41f ./emlib/em_usart.o
 .debug_line    0x00002a14      0x50b ./Graphics/dmd_display.o
 .debug_line    0x00002f1f      0x307 ./Graphics/glib.o
 .debug_line    0x00003226      0x235 ./Graphics/glib_circle.o
 .debug_line    0x0000345b       0xfb ./Graphics/glib_font_normal_8x8.o
 .debug_line    0x00003556      0x2ea ./Graphics/glib_line.o
 .debug_line    0x00003840      0x22b ./Graphics/glib_rectangle.o
 .debug_line    0x00003a6b      0x2f0 ./Graphics/glib_string.o
 .debug_line    0x00003d5b      0x393 ./Drivers/capsense.o
 .debug_line    0x000040ee      0x247 ./Drivers/display.o
 .debug_line    0x00004335      0x31e ./Drivers/displayls013b7dh03.o
 .debug_line    0x00004653      0x439 ./Drivers/displaypalemlib.o
 .debug_line    0x00004a8c      0x25d ./Drivers/i2cspm.o
 .debug_line    0x00004ce9      0x247 ./Drivers/si7013.o
 .debug_line    0x00004f30      0x351 ./Drivers/udelay.o
 .debug_line    0x00005281       0xd1 ./CMSIS/efm32zg/startup_efm32zg.o
 .debug_line    0x00005352      0x23a ./CMSIS/efm32zg/system_efm32zg.o
 .debug_line    0x0000558c      0x2fa ./BSP/bsp_stk_leds.o

.debug_str      0x00000000     0x4575
 .debug_str     0x00000000     0x15ba ./src/main.o
                               0x16be (size before relaxing)
 .debug_str     0x000015ba      0x455 ./emlib/em_acmp.o
                                0x5fb (size before relaxing)
 .debug_str     0x00001a0f       0xcb ./emlib/em_adc.o
                                0xa22 (size before relaxing)
 .debug_str     0x00001ada      0x6f3 ./emlib/em_cmu.o
                                0xb28 (size before relaxing)
 .debug_str     0x000021cd      0x174 ./emlib/em_emu.o
                                0x44f (size before relaxing)
 .debug_str     0x00002341       0xf0 ./emlib/em_gpio.o
                                0x546 (size before relaxing)
 .debug_str     0x00002431      0x2ca ./emlib/em_i2c.o
                                0x6b3 (size before relaxing)
 .debug_str     0x000026fb       0x5a ./emlib/em_int.o
                                0x1e3 (size before relaxing)
 .debug_str     0x00002755       0xe8 ./emlib/em_pcnt.o
                                0x4c0 (size before relaxing)
 .debug_str     0x0000283d       0xf7 ./emlib/em_prs.o
                                0x295 (size before relaxing)
 .debug_str     0x00002934       0xfa ./emlib/em_rtc.o
                                0x2c2 (size before relaxing)
 .debug_str     0x00002a2e      0x86a ./emlib/em_usart.o
                                0xbd1 (size before relaxing)
 .debug_str     0x00003298      0x42a ./Graphics/dmd_display.o
                                0x67a (size before relaxing)
 .debug_str     0x000036c2      0x178 ./Graphics/glib.o
                                0x5b0 (size before relaxing)
 .debug_str     0x0000383a       0xce ./Graphics/glib_circle.o
                                0x482 (size before relaxing)
 .debug_str     0x00003908       0x7d ./Graphics/glib_font_normal_8x8.o
                                0x2d8 (size before relaxing)
 .debug_str     0x00003985       0xd5 ./Graphics/glib_line.o
                                0x4cd (size before relaxing)
 .debug_str     0x00003a5a       0x7e ./Graphics/glib_rectangle.o
                                0x4aa (size before relaxing)
 .debug_str     0x00003ad8       0xd1 ./Graphics/glib_string.o
                                0x4aa (size before relaxing)
 .debug_str     0x00003ba9      0x16d ./Drivers/capsense.o
                                0x94a (size before relaxing)
 .debug_str     0x00003d16      0x121 ./Drivers/display.o
                                0x479 (size before relaxing)
 .debug_str     0x00003e37      0x1ce ./Drivers/displayls013b7dh03.o
                                0x5dd (size before relaxing)
 .debug_str     0x00004005      0x151 ./Drivers/displaypalemlib.o
                                0xdb5 (size before relaxing)
 .debug_str     0x00004156       0x79 ./Drivers/i2cspm.o
                                0x856 (size before relaxing)
 .debug_str     0x000041cf       0xb6 ./Drivers/si7013.o
                                0x3b9 (size before relaxing)
 .debug_str     0x00004285      0x156 ./Drivers/udelay.o
                                0x8f7 (size before relaxing)
 .debug_str     0x000043db       0xe2 ./CMSIS/efm32zg/system_efm32zg.o
                                0x3e4 (size before relaxing)
 .debug_str     0x000044bd       0xb8 ./BSP/bsp_stk_leds.o
                                0x69e (size before relaxing)

.debug_frame    0x00000000     0x1920
 .debug_frame   0x00000000      0x108 ./src/main.o
 .debug_frame   0x00000108       0xb4 ./emlib/em_acmp.o
 .debug_frame   0x000001bc       0xac ./emlib/em_adc.o
 .debug_frame   0x00000268      0x238 ./emlib/em_cmu.o
 .debug_frame   0x000004a0       0xa0 ./emlib/em_emu.o
 .debug_frame   0x00000540       0x74 ./emlib/em_gpio.o
 .debug_frame   0x000005b4       0xb8 ./emlib/em_i2c.o
 .debug_frame   0x0000066c      0x108 ./emlib/em_pcnt.o
 .debug_frame   0x00000774       0x38 ./emlib/em_prs.o
 .debug_frame   0x000007ac       0x88 ./emlib/em_rtc.o
 .debug_frame   0x00000834      0x1b8 ./emlib/em_usart.o
 .debug_frame   0x000009ec      0x178 ./Graphics/dmd_display.o
 .debug_frame   0x00000b64      0x160 ./Graphics/glib.o
 .debug_frame   0x00000cc4       0x8c ./Graphics/glib_circle.o
 .debug_frame   0x00000d50       0x88 ./Graphics/glib_line.o
 .debug_frame   0x00000dd8       0x7c ./Graphics/glib_rectangle.o
 .debug_frame   0x00000e54       0x68 ./Graphics/glib_string.o
 .debug_frame   0x00000ebc       0xac ./Drivers/capsense.o
 .debug_frame   0x00000f68       0x70 ./Drivers/display.o
 .debug_frame   0x00000fd8       0xe0 ./Drivers/displayls013b7dh03.o
 .debug_frame   0x000010b8      0x13c ./Drivers/displaypalemlib.o
 .debug_frame   0x000011f4       0x50 ./Drivers/i2cspm.o
 .debug_frame   0x00001244       0x88 ./Drivers/si7013.o
 .debug_frame   0x000012cc       0x40 ./Drivers/udelay.o
 .debug_frame   0x0000130c       0xb8 ./CMSIS/efm32zg/system_efm32zg.o
 .debug_frame   0x000013c4       0x88 ./BSP/bsp_stk_leds.o
 .debug_frame   0x0000144c       0x20 c:/siliconlabs/simplicitystudio/v3/developer/toolchains/gnu_arm/4.8_2013q4/bin/../lib/gcc/arm-none-eabi/4.8.3/armv6-m\libgcc.a(_udivsi3.o)
 .debug_frame   0x0000146c       0x20 c:/siliconlabs/simplicitystudio/v3/developer/toolchains/gnu_arm/4.8_2013q4/bin/../lib/gcc/arm-none-eabi/4.8.3/armv6-m\libgcc.a(_divsi3.o)
 .debug_frame   0x0000148c       0x3c c:/siliconlabs/simplicitystudio/v3/developer/toolchains/gnu_arm/4.8_2013q4/bin/../lib/gcc/arm-none-eabi/4.8.3/armv6-m\libgcc.a(divsf3.o)
 .debug_frame   0x000014c8       0x3c c:/siliconlabs/simplicitystudio/v3/developer/toolchains/gnu_arm/4.8_2013q4/bin/../lib/gcc/arm-none-eabi/4.8.3/armv6-m\libgcc.a(mulsf3.o)
 .debug_frame   0x00001504       0x30 c:/siliconlabs/simplicitystudio/v3/developer/toolchains/gnu_arm/4.8_2013q4/bin/../lib/gcc/arm-none-eabi/4.8.3/armv6-m\libgcc.a(subsf3.o)
 .debug_frame   0x00001534       0x20 c:/siliconlabs/simplicitystudio/v3/developer/toolchains/gnu_arm/4.8_2013q4/bin/../lib/gcc/arm-none-eabi/4.8.3/armv6-m\libgcc.a(fixsfsi.o)
 .debug_frame   0x00001554       0x2c c:/siliconlabs/simplicitystudio/v3/developer/toolchains/gnu_arm/4.8_2013q4/bin/../lib/gcc/arm-none-eabi/4.8.3/armv6-m\libgcc.a(floatsisf.o)
 .debug_frame   0x00001580       0x20 c:/siliconlabs/simplicitystudio/v3/developer/toolchains/gnu_arm/4.8_2013q4/bin/../lib/gcc/arm-none-eabi/4.8.3/../../../../arm-none-eabi/lib/armv6-m\libc_s.a(lib_a-abs.o)
 .debug_frame   0x000015a0       0x28 c:/siliconlabs/simplicitystudio/v3/developer/toolchains/gnu_arm/4.8_2013q4/bin/../lib/gcc/arm-none-eabi/4.8.3/../../../../arm-none-eabi/lib/armv6-m\libc_s.a(lib_a-exit.o)
 .debug_frame   0x000015c8       0x2c c:/siliconlabs/simplicitystudio/v3/developer/toolchains/gnu_arm/4.8_2013q4/bin/../lib/gcc/arm-none-eabi/4.8.3/../../../../arm-none-eabi/lib/armv6-m\libc_s.a(lib_a-init.o)
 .debug_frame   0x000015f4       0x28 c:/siliconlabs/simplicitystudio/v3/developer/toolchains/gnu_arm/4.8_2013q4/bin/../lib/gcc/arm-none-eabi/4.8.3/../../../../arm-none-eabi/lib/armv6-m\libc_s.a(lib_a-memcpy-stub.o)
 .debug_frame   0x0000161c       0x20 c:/siliconlabs/simplicitystudio/v3/developer/toolchains/gnu_arm/4.8_2013q4/bin/../lib/gcc/arm-none-eabi/4.8.3/../../../../arm-none-eabi/lib/armv6-m\libc_s.a(lib_a-memset.o)
 .debug_frame   0x0000163c       0x54 c:/siliconlabs/simplicitystudio/v3/developer/toolchains/gnu_arm/4.8_2013q4/bin/../lib/gcc/arm-none-eabi/4.8.3/../../../../arm-none-eabi/lib/armv6-m\libc_s.a(lib_a-snprintf.o)
 .debug_frame   0x00001690       0x20 c:/siliconlabs/simplicitystudio/v3/developer/toolchains/gnu_arm/4.8_2013q4/bin/../lib/gcc/arm-none-eabi/4.8.3/../../../../arm-none-eabi/lib/armv6-m\libc_s.a(lib_a-strlen.o)
 .debug_frame   0x000016b0       0x74 c:/siliconlabs/simplicitystudio/v3/developer/toolchains/gnu_arm/4.8_2013q4/bin/../lib/gcc/arm-none-eabi/4.8.3/../../../../arm-none-eabi/lib/armv6-m\libc_s.a(lib_a-svfprintf.o)
 .debug_frame   0x00001724       0x54 c:/siliconlabs/simplicitystudio/v3/developer/toolchains/gnu_arm/4.8_2013q4/bin/../lib/gcc/arm-none-eabi/4.8.3/../../../../arm-none-eabi/lib/armv6-m\libc_s.a(lib_a-vfprintf_i.o)
 .debug_frame   0x00001778       0x20 c:/siliconlabs/simplicitystudio/v3/developer/toolchains/gnu_arm/4.8_2013q4/bin/../lib/gcc/arm-none-eabi/4.8.3/../../../../arm-none-eabi/lib/armv6-m\libc_s.a(lib_a-memchr-stub.o)
 .debug_frame   0x00001798       0x2c c:/siliconlabs/simplicitystudio/v3/developer/toolchains/gnu_arm/4.8_2013q4/bin/../lib/gcc/arm-none-eabi/4.8.3/../../../../arm-none-eabi/lib/armv6-m\libc_s.a(lib_a-memmove.o)
 .debug_frame   0x000017c4       0x2c c:/siliconlabs/simplicitystudio/v3/developer/toolchains/gnu_arm/4.8_2013q4/bin/../lib/gcc/arm-none-eabi/4.8.3/../../../../arm-none-eabi/lib/armv6-m\libc_s.a(lib_a-nano-freer.o)
 .debug_frame   0x000017f0       0x2c c:/siliconlabs/simplicitystudio/v3/developer/toolchains/gnu_arm/4.8_2013q4/bin/../lib/gcc/arm-none-eabi/4.8.3/../../../../arm-none-eabi/lib/armv6-m\libc_s.a(lib_a-nano-mallocr.o)
 .debug_frame   0x0000181c       0x30 c:/siliconlabs/simplicitystudio/v3/developer/toolchains/gnu_arm/4.8_2013q4/bin/../lib/gcc/arm-none-eabi/4.8.3/../../../../arm-none-eabi/lib/armv6-m\libc_s.a(lib_a-nano-reallocr.o)
 .debug_frame   0x0000184c       0x2c c:/siliconlabs/simplicitystudio/v3/developer/toolchains/gnu_arm/4.8_2013q4/bin/../lib/gcc/arm-none-eabi/4.8.3/../../../../arm-none-eabi/lib/armv6-m\libc_s.a(lib_a-sbrkr.o)
 .debug_frame   0x00001878       0x20 c:/siliconlabs/simplicitystudio/v3/developer/toolchains/gnu_arm/4.8_2013q4/bin/../lib/gcc/arm-none-eabi/4.8.3/../../../../arm-none-eabi/lib/armv6-m\libc_s.a(lib_a-nano-msizer.o)
 .debug_frame   0x00001898       0x48 c:/siliconlabs/simplicitystudio/v3/developer/toolchains/gnu_arm/4.8_2013q4/bin/../lib/gcc/arm-none-eabi/4.8.3/../../../../arm-none-eabi/lib/armv6-m\libc_s.a(lib_a-reent.o)
 .debug_frame   0x000018e0       0x20 c:/siliconlabs/simplicitystudio/v3/developer/toolchains/gnu_arm/4.8_2013q4/bin/../lib/gcc/arm-none-eabi/4.8.3/../../../../arm-none-eabi/lib/armv6-m\libnosys.a(sbrk.o)
 .debug_frame   0x00001900       0x20 c:/siliconlabs/simplicitystudio/v3/developer/toolchains/gnu_arm/4.8_2013q4/bin/../lib/gcc/arm-none-eabi/4.8.3/../../../../arm-none-eabi/lib/armv6-m\libnosys.a(_exit.o)
